Archive member included to satisfy reference by file (symbol)

c:/opt/intelfpga_lite/20.1/nios2eds/bin/gnu/h-x86_64-mingw32/bin/../lib/gcc/nios2-elf/10.1.1/../../../../../H-x86_64-mingw32/nios2-elf/lib\libstdc++.a(eh_personality.o)
                              obj/default/source/centralized_monitor.o (__gxx_personality_sj0)
c:/opt/intelfpga_lite/20.1/nios2eds/bin/gnu/h-x86_64-mingw32/bin/../lib/gcc/nios2-elf/10.1.1/../../../../../H-x86_64-mingw32/nios2-elf/lib\libstdc++.a(eh_terminate.o)
                              c:/opt/intelfpga_lite/20.1/nios2eds/bin/gnu/h-x86_64-mingw32/bin/../lib/gcc/nios2-elf/10.1.1/../../../../../H-x86_64-mingw32/nios2-elf/lib\libstdc++.a(eh_personality.o) (__cxxabiv1::__terminate(void (*)()))
c:/opt/intelfpga_lite/20.1/nios2eds/bin/gnu/h-x86_64-mingw32/bin/../lib/gcc/nios2-elf/10.1.1/../../../../../H-x86_64-mingw32/nios2-elf/lib\libstdc++.a(eh_throw.o)
                              c:/opt/intelfpga_lite/20.1/nios2eds/bin/gnu/h-x86_64-mingw32/bin/../lib/gcc/nios2-elf/10.1.1/../../../../../H-x86_64-mingw32/nios2-elf/lib\libstdc++.a(eh_personality.o) (__cxa_throw)
c:/opt/intelfpga_lite/20.1/nios2eds/bin/gnu/h-x86_64-mingw32/bin/../lib/gcc/nios2-elf/10.1.1/../../../../../H-x86_64-mingw32/nios2-elf/lib\libstdc++.a(eh_unex_handler.o)
                              c:/opt/intelfpga_lite/20.1/nios2eds/bin/gnu/h-x86_64-mingw32/bin/../lib/gcc/nios2-elf/10.1.1/../../../../../H-x86_64-mingw32/nios2-elf/lib\libstdc++.a(eh_terminate.o) (__cxxabiv1::__unexpected_handler)
c:/opt/intelfpga_lite/20.1/nios2eds/bin/gnu/h-x86_64-mingw32/bin/../lib/gcc/nios2-elf/10.1.1/../../../../../H-x86_64-mingw32/nios2-elf/lib\libstdc++.a(eh_alloc.o)
                              c:/opt/intelfpga_lite/20.1/nios2eds/bin/gnu/h-x86_64-mingw32/bin/../lib/gcc/nios2-elf/10.1.1/../../../../../H-x86_64-mingw32/nios2-elf/lib\libstdc++.a(eh_personality.o) (__cxa_allocate_exception)
c:/opt/intelfpga_lite/20.1/nios2eds/bin/gnu/h-x86_64-mingw32/bin/../lib/gcc/nios2-elf/10.1.1/../../../../../H-x86_64-mingw32/nios2-elf/lib\libstdc++.a(eh_call.o)
                              c:/opt/intelfpga_lite/20.1/nios2eds/bin/gnu/h-x86_64-mingw32/bin/../lib/gcc/nios2-elf/10.1.1/../../../../../H-x86_64-mingw32/nios2-elf/lib\libstdc++.a(eh_personality.o) (__cxa_call_terminate)
c:/opt/intelfpga_lite/20.1/nios2eds/bin/gnu/h-x86_64-mingw32/bin/../lib/gcc/nios2-elf/10.1.1/../../../../../H-x86_64-mingw32/nios2-elf/lib\libstdc++.a(eh_catch.o)
                              c:/opt/intelfpga_lite/20.1/nios2eds/bin/gnu/h-x86_64-mingw32/bin/../lib/gcc/nios2-elf/10.1.1/../../../../../H-x86_64-mingw32/nios2-elf/lib\libstdc++.a(eh_personality.o) (__cxa_begin_catch)
c:/opt/intelfpga_lite/20.1/nios2eds/bin/gnu/h-x86_64-mingw32/bin/../lib/gcc/nios2-elf/10.1.1/../../../../../H-x86_64-mingw32/nios2-elf/lib\libstdc++.a(eh_exception.o)
                              c:/opt/intelfpga_lite/20.1/nios2eds/bin/gnu/h-x86_64-mingw32/bin/../lib/gcc/nios2-elf/10.1.1/../../../../../H-x86_64-mingw32/nios2-elf/lib\libstdc++.a(eh_personality.o) (std::bad_exception::~bad_exception())
c:/opt/intelfpga_lite/20.1/nios2eds/bin/gnu/h-x86_64-mingw32/bin/../lib/gcc/nios2-elf/10.1.1/../../../../../H-x86_64-mingw32/nios2-elf/lib\libstdc++.a(eh_globals.o)
                              c:/opt/intelfpga_lite/20.1/nios2eds/bin/gnu/h-x86_64-mingw32/bin/../lib/gcc/nios2-elf/10.1.1/../../../../../H-x86_64-mingw32/nios2-elf/lib\libstdc++.a(eh_personality.o) (__cxa_get_globals_fast)
c:/opt/intelfpga_lite/20.1/nios2eds/bin/gnu/h-x86_64-mingw32/bin/../lib/gcc/nios2-elf/10.1.1/../../../../../H-x86_64-mingw32/nios2-elf/lib\libstdc++.a(eh_term_handler.o)
                              c:/opt/intelfpga_lite/20.1/nios2eds/bin/gnu/h-x86_64-mingw32/bin/../lib/gcc/nios2-elf/10.1.1/../../../../../H-x86_64-mingw32/nios2-elf/lib\libstdc++.a(eh_terminate.o) (__cxxabiv1::__terminate_handler)
c:/opt/intelfpga_lite/20.1/nios2eds/bin/gnu/h-x86_64-mingw32/bin/../lib/gcc/nios2-elf/10.1.1/../../../../../H-x86_64-mingw32/nios2-elf/lib\libstdc++.a(pure.o)
                              c:/opt/intelfpga_lite/20.1/nios2eds/bin/gnu/h-x86_64-mingw32/bin/../lib/gcc/nios2-elf/10.1.1/../../../../../H-x86_64-mingw32/nios2-elf/lib\libstdc++.a(eh_exception.o) (__cxa_pure_virtual)
c:/opt/intelfpga_lite/20.1/nios2eds/bin/gnu/h-x86_64-mingw32/bin/../lib/gcc/nios2-elf/10.1.1/../../../../../H-x86_64-mingw32/nios2-elf/lib\libstdc++.a(si_class_type_info.o)
                              c:/opt/intelfpga_lite/20.1/nios2eds/bin/gnu/h-x86_64-mingw32/bin/../lib/gcc/nios2-elf/10.1.1/../../../../../H-x86_64-mingw32/nios2-elf/lib\libstdc++.a(eh_exception.o) (vtable for __cxxabiv1::__si_class_type_info)
c:/opt/intelfpga_lite/20.1/nios2eds/bin/gnu/h-x86_64-mingw32/bin/../lib/gcc/nios2-elf/10.1.1/../../../../../H-x86_64-mingw32/nios2-elf/lib\libstdc++.a(tinfo.o)
[...]
Memory Configuration

Name             Origin             Length             Attributes
reset            0x0000000000000000 0x0000000000000020
instruction_rom_0 0x0000000000000020 0x0000000000007fe0
data_ram_0       0x0000000000008000 0x0000000000001000
data_ram_1       0x000000000000b000 0x0000000000000400
*default*        0x0000000000000000 0xffffffffffffffff

Linker script and memory map

LOAD c:/work/Robocup/phoenix-firmware/FPGA/App/software/controller_bsp//obj/HAL/src/crt0.o
LOAD obj/default/source/microshell/core/microshell.o
LOAD obj/default/source/microshell/core/mscore.o
LOAD obj/default/source/microshell/util/mscmd.o
LOAD obj/default/source/microshell/util/msopt.o
LOAD obj/default/source/microshell/util/ntlibc.o
LOAD obj/default/source/centralized_monitor.o
LOAD obj/default/source/dribble_controller.o
LOAD obj/default/source/driver/adc2.o
LOAD obj/default/source/driver/imu.o
LOAD obj/default/source/main.o
LOAD obj/default/source/peripheral/msgdma.o
LOAD obj/default/source/shared_memory.o
LOAD obj/default/source/stream_transmitter.o
LOAD obj/default/source/wheel_controller.o
LOAD c:/opt/intelfpga_lite/20.1/nios2eds/bin/gnu/h-x86_64-mingw32/bin/../lib/gcc/nios2-elf/10.1.1/../../../../../H-x86_64-mingw32/nios2-elf/lib\libstdc++.a
LOAD c:/opt/intelfpga_lite/20.1/nios2eds/bin/gnu/h-x86_64-mingw32/bin/../lib/gcc/nios2-elf/10.1.1/../../../../../H-x86_64-mingw32/nios2-elf/lib\libm.a
LOAD c:/opt/intelfpga_lite/20.1/nios2eds/bin/gnu/h-x86_64-mingw32/bin/../lib/gcc/nios2-elf/10.1.1\libgcc.a
START GROUP
LOAD c:/opt/intelfpga_lite/20.1/nios2eds/bin/gnu/h-x86_64-mingw32/bin/../lib/gcc/nios2-elf/10.1.1/../../../../../H-x86_64-mingw32/nios2-elf/lib\libsmallc.a
LOAD c:/opt/intelfpga_lite/20.1/nios2eds/bin/gnu/h-x86_64-mingw32/bin/../lib/gcc/nios2-elf/10.1.1\libgcc.a
LOAD c:/work/Robocup/phoenix-firmware/FPGA/App/software/controller_bsp/\libhal_bsp.a
LOAD c:/opt/intelfpga_lite/20.1/nios2eds/bin/gnu/h-x86_64-mingw32/bin/../lib/gcc/nios2-elf/10.1.1/../../../../../H-x86_64-mingw32/nios2-elf/lib\libm.a
END GROUP
LOAD c:/opt/intelfpga_lite/20.1/nios2eds/bin/gnu/h-x86_64-mingw32/bin/../lib/gcc/nios2-elf/10.1.1\libgcc.a
                0x0000000000000000                __alt_mem_instruction_rom_0 = 0x0
                0x0000000000008000                __alt_mem_data_ram_0 = 0x8000
                0x000000000000b000                __alt_mem_data_ram_1 = 0xb000

.entry          0x0000000000000000       0x20
 *(.entry)
 .entry         0x0000000000000000       0x20 c:/work/Robocup/phoenix-firmware/FPGA/App/software/controller_bsp//obj/HAL/src/crt0.o
                0x0000000000000000                __reset
                0x000000000000000c                _exit

.exceptions     0x0000000000000020        0x0
                0x0000000000000020                PROVIDE (__ram_exceptions_start = ABSOLUTE (.))
                0x0000000000000020                . = ALIGN (0x20)
 *(.irq)
 *(.exceptions.entry.label)
 *(.exceptions.entry.user)
 *(.exceptions.entry.ecc_fatal)
 *(.exceptions.entry)
 *(.exceptions.irqtest.user)
 *(.exceptions.irqtest)
 *(.exceptions.irqhandler.user)
 *(.exceptions.irqhandler)
 *(.exceptions.irqreturn.user)
 *(.exceptions.irqreturn)
 *(.exceptions.notirq.label)
 *(.exceptions.notirq.user)
 *(.exceptions.notirq)
 *(.exceptions.soft.user)
 *(.exceptions.soft)
 *(.exceptions.unknown.user)
 *(.exceptions.unknown)
 *(.exceptions.exit.label)
 *(.exceptions.exit.user)
 *(.exceptions.exit)
 *(.exceptions)
                0x0000000000000020                PROVIDE (__ram_exceptions_end = ABSOLUTE (.))
                0x0000000000000020                PROVIDE (__flash_exceptions_start = LOADADDR (.exceptions))

.shared         0x000000000000b000       0x28
                [!provide]                        PROVIDE (_alt_partition_shared_start = ABSOLUTE (.))
 *(.shared .shared.*)
 .shared        0x000000000000b000       0x28 obj/default/source/shared_memory.o
                0x000000000000b000                SharedMemory::_SharedMemory
                0x000000000000b028                . = ALIGN (0x4)
                [!provide]                        PROVIDE (_alt_partition_shared_end = ABSOLUTE (.))

.text           0x0000000000000020     0x5d00
                [!provide]                        PROVIDE (stext = ABSOLUTE (.))
 *(.interp)
 *(.hash)
 *(.dynsym)
 *(.dynstr)
 *(.gnu.version)
 *(.gnu.version_d)
 *(.gnu.version_r)
 *(.rel.init)
 *(.rela.init)
 *(.rel.text .rel.text.* .rel.gnu.linkonce.t.*)
 *(.rela.text .rela.text.* .rela.gnu.linkonce.t.*)
 *(.rel.fini)
 *(.rela.fini)
 *(.rel.rodata .rel.rodata.* .rel.gnu.linkonce.r.*)
 *(.rela.rodata .rela.rodata.* .rela.gnu.linkonce.r.*)
 *(.rel.data .rel.data.* .rel.gnu.linkonce.d.*)
 *(.rela.data .rela.data.* .rela.gnu.linkonce.d.*)
 *(.rel.tdata .rel.tdata.* .rel.gnu.linkonce.td.*)
 *(.rela.tdata .rela.tdata.* .rela.gnu.linkonce.td.*)
 *(.rel.tbss .rel.tbss.* .rel.gnu.linkonce.tb.*)
 *(.rela.tbss .rela.tbss.* .rela.gnu.linkonce.tb.*)
 *(.rel.ctors)
 *(.rela.ctors)
 *(.rel.dtors)
 *(.rela.dtors)
 *(.rel.got)
 *(.rela.got)
 *(.rel.sdata .rel.sdata.* .rel.gnu.linkonce.s.*)
 *(.rela.sdata .rela.sdata.* .rela.gnu.linkonce.s.*)
 *(.rel.sbss .rel.sbss.* .rel.gnu.linkonce.sb.*)
 *(.rela.sbss .rela.sbss.* .rela.gnu.linkonce.sb.*)
 *(.rel.sdata2 .rel.sdata2.* .rel.gnu.linkonce.s2.*)
 *(.rela.sdata2 .rela.sdata2.* .rela.gnu.linkonce.s2.*)
 *(.rel.sbss2 .rel.sbss2.* .rel.gnu.linkonce.sb2.*)
 *(.rela.sbss2 .rela.sbss2.* .rela.gnu.linkonce.sb2.*)
 *(.rel.bss .rel.bss.* .rel.gnu.linkonce.b.*)
 *(.rela.bss .rela.bss.* .rela.gnu.linkonce.b.*)
 *(.rel.plt)
 *(.rela.plt)
 *(.rel.dyn)
 *(.init)
 *(.plt)
 *(.text .stub .text.* .gnu.linkonce.t.*)
 .text          0x0000000000000020       0x7c c:/work/Robocup/phoenix-firmware/FPGA/App/software/controller_bsp//obj/HAL/src/crt0.o
                0x0000000000000020                _start
 .text.print_buffer
                0x000000000000009c       0x68 obj/default/source/microshell/core/microshell.o
 .text.print_return
                0x0000000000000104       0x34 obj/default/source/microshell/core/microshell.o
 .text.cursor_left
                0x0000000000000138       0x68 obj/default/source/microshell/core/microshell.o
 .text.cursor_right
                0x00000000000001a0       0x64 obj/default/source/microshell/core/microshell.o
 .text.microshell_init
                0x0000000000000204       0x54 obj/default/source/microshell/core/microshell.o
                0x0000000000000204                microshell_init
 .text.microshell_getline
                0x0000000000000258      0x368 obj/default/source/microshell/core/microshell.o
                0x0000000000000258                microshell_getline
 .text.mscore_init
                0x00000000000005c0       0x34 obj/default/source/microshell/core/mscore.o
                0x00000000000005c0                mscore_init
 .text.mscore_push
                0x00000000000005f4       0xfc obj/default/source/microshell/core/mscore.o
                0x00000000000005f4                mscore_push
 .text.mscmd_init
                0x00000000000006f0       0x14 obj/default/source/microshell/util/mscmd.o
                0x00000000000006f0                mscmd_init
 .text.mscmd_execute
                0x0000000000000704       0xd0 obj/default/source/microshell/util/mscmd.o
                0x0000000000000704                mscmd_execute
 .text.msopt_init
                0x00000000000007d4      0x110 obj/default/source/microshell/util/msopt.o
                0x00000000000007d4                msopt_init
 .text.msopt_get_argc
                0x00000000000008e4       0x28 obj/default/source/microshell/util/msopt.o
                0x00000000000008e4                msopt_get_argc
 .text.msopt_get_argv
                0x000000000000090c       0x70 obj/default/source/microshell/util/msopt.o
                0x000000000000090c                msopt_get_argv
 .text.ntlibc_strcmp
                0x000000000000097c       0x60 obj/default/source/microshell/util/ntlibc.o
                0x000000000000097c                ntlibc_strcmp
 .text.ntlibc_atoi
                0x00000000000009dc       0xbc obj/default/source/microshell/util/ntlibc.o
                0x00000000000009dc                ntlibc_atoi
 .text._ZN15CriticalSectionC2Ev
                0x0000000000000a98       0x1c obj/default/source/centralized_monitor.o
                0x0000000000000a98                CriticalSection::CriticalSection()
                0x0000000000000a98                CriticalSection::CriticalSection()
 .text._ZN15CriticalSectionD2Ev
                0x0000000000000ab4       0x5c obj/default/source/centralized_monitor.o
                0x0000000000000ab4                CriticalSection::~CriticalSection()
                0x0000000000000ab4                CriticalSection::~CriticalSection()
 .text._ZN18CentralizedMonitor5StartEv
                0x0000000000000b10       0x40 obj/default/source/centralized_monitor.o
                0x0000000000000b10                CentralizedMonitor::Start()
 .text._ZN18CentralizedMonitor13SetErrorFlagsEm
                0x0000000000000b50       0xa0 obj/default/source/centralized_monitor.o
                0x0000000000000b50                CentralizedMonitor::SetErrorFlags(unsigned long)
 .text._ZN18CentralizedMonitor13Adc2KeepAliveEi
                0x0000000000000bf0       0x74 obj/default/source/centralized_monitor.o
                0x0000000000000bf0                CentralizedMonitor::Adc2KeepAlive(int)
 .text._ZN18CentralizedMonitor13SetFaultFlagsEm
                0x0000000000000c64       0xa0 obj/default/source/centralized_monitor.o
                0x0000000000000c64                CentralizedMonitor::SetFaultFlags(unsigned long)
 .text._ZN18CentralizedMonitor11Pio1HandlerEPv
                0x0000000000000d04       0xec obj/default/source/centralized_monitor.o
                0x0000000000000d04                CentralizedMonitor::Pio1Handler(void*)
 .text._ZN18CentralizedMonitor23VectorControllerHandlerEPv
                0x0000000000000df0       0x6c obj/default/source/centralized_monitor.o
                0x0000000000000df0                CentralizedMonitor::VectorControllerHandler(void*)
 .text._ZN18CentralizedMonitor22MotorControllerHandlerEPv
                0x0000000000000e5c       0x70 obj/default/source/centralized_monitor.o
                0x0000000000000e5c                CentralizedMonitor::MotorControllerHandler(void*)
 .text._ZN18CentralizedMonitor24ResetMotorInterruptFlagsEv
                0x0000000000000ecc       0x28 obj/default/source/centralized_monitor.o
                0x0000000000000ecc                CentralizedMonitor::ResetMotorInterruptFlags()
 .text._ZN18CentralizedMonitor10InitializeEv
                0x0000000000000ef4       0xb4 obj/default/source/centralized_monitor.o
                0x0000000000000ef4                CentralizedMonitor::Initialize()
 .text._ZN18CentralizedMonitor15ClearErrorFlagsEv
                0x0000000000000fa8      0x12c obj/default/source/centralized_monitor.o
                0x0000000000000fa8                CentralizedMonitor::ClearErrorFlags()
 .text._ZN18CentralizedMonitor20DoPeriodicCommonWorkEv
                0x00000000000010d4      0x108 obj/default/source/centralized_monitor.o
                0x00000000000010d4                CentralizedMonitor::DoPeriodicCommonWork()
 .text._ZN18CentralizedMonitor12TimerHandlerEPv
                0x00000000000011dc       0x2c obj/default/source/centralized_monitor.o
                0x00000000000011dc                CentralizedMonitor::TimerHandler(void*)
 .text._ZN18CentralizedMonitor11Pio0HandlerEPv
                0x0000000000001208       0x20 obj/default/source/centralized_monitor.o
                0x0000000000001208                CentralizedMonitor::Pio0Handler(void*)
 .text._ZN17DribbleController12StartControlEv
                0x0000000000001228       0x18 obj/default/source/dribble_controller.o
                0x0000000000001228                DribbleController::StartControl()
 .text._ZN17DribbleController11StopControlEv
                0x0000000000001240       0x18 obj/default/source/dribble_controller.o
                0x0000000000001240                DribbleController::StopControl()
 .text._ZN17DribbleController17Adc2UpdateCurrentEi
                0x0000000000001258        0x4 obj/default/source/dribble_controller.o
                0x0000000000001258                DribbleController::Adc2UpdateCurrent(int)
 .text._ZN17DribbleController6UpdateEb
                0x000000000000125c       0xf0 obj/default/source/dribble_controller.o
                0x000000000000125c                DribbleController::Update(bool)
 .text._ZN4Adc213AwaitCompleteEv
                0x000000000000134c       0x14 obj/default/source/driver/adc2.o
                0x000000000000134c                Adc2::AwaitComplete()
 .text._ZN4Adc220StartConversionAsyncEi
                0x0000000000001360       0x4c obj/default/source/driver/adc2.o
                0x0000000000001360                Adc2::StartConversionAsync(int)
 .text._ZN4Adc25StartEv
                0x00000000000013ac       0x3c obj/default/source/driver/adc2.o
                0x00000000000013ac                Adc2::Start()
 .text._ZN4Adc27HandlerEPv
                0x00000000000013e8      0x180 obj/default/source/driver/adc2.o
                0x00000000000013e8                Adc2::Handler(void*)
 .text._ZN4Adc212ReadRegisterEiPt
                0x0000000000001568       0x68 obj/default/source/driver/adc2.o
                0x0000000000001568                Adc2::ReadRegister(int, unsigned short*)
 .text._ZN4Adc210InitializeEv
                0x00000000000015d0       0x3c obj/default/source/driver/adc2.o
                0x00000000000015d0                Adc2::Initialize()
 .text._ZN3Imu8ReadDataEP11ImuResult_t
                0x000000000000160c       0x58 obj/default/source/driver/imu.o
                0x000000000000160c                Imu::ReadData(ImuResult_t*)
 .text._ZN3Imu7SetBankEm
                0x0000000000001664       0x50 obj/default/source/driver/imu.o
                0x0000000000001664                Imu::SetBank(unsigned long)
 .text._ZN3Imu12ReadRegisterEm
                0x00000000000016b4       0x60 obj/default/source/driver/imu.o
                0x00000000000016b4                Imu::ReadRegister(unsigned long)
 .text._ZN3Imu13WriteRegisterEmh
                0x0000000000001714       0x64 obj/default/source/driver/imu.o
                0x0000000000001714                Imu::WriteRegister(unsigned long, unsigned char)
 .text._ZN3Imu10InitializeEv
                0x0000000000001778       0xd8 obj/default/source/driver/imu.o
                0x0000000000001778                Imu::Initialize()
 .text._ZZ4mainENUlcE_4_FUNEc
                0x0000000000001850       0x10 obj/default/source/main.o
 .text._ZZ4mainENUlvE0_4_FUNEv
                0x0000000000001860       0x18 obj/default/source/main.o
 .text._ZL13command_faultP5MSOPTPv
                0x0000000000001878       0x1c obj/default/source/main.o
 .text._ZL13command_clearP5MSOPTPv
                0x0000000000001894       0x14 obj/default/source/main.o
 .text._ZL12command_adc2P5MSOPTPv
                0x00000000000018a8       0x2c obj/default/source/main.o
 .text._ZL14command_statusP5MSOPTPv
                0x00000000000018d4       0x88 obj/default/source/main.o
 .text._ZL11command_imuP5MSOPTPv
                0x000000000000195c       0x50 obj/default/source/main.o
 .text._ZL10command_kiP5MSOPTPv
                0x00000000000019ac       0x80 obj/default/source/main.o
 .text._ZL10command_kpP5MSOPTPv
                0x0000000000001a2c       0x80 obj/default/source/main.o
 .text._ZL14command_switchP5MSOPTPv
                0x0000000000001aac       0x98 obj/default/source/main.o
 .text.startup.main
                0x0000000000001b44      0x12c obj/default/source/main.o
                0x0000000000001b44                main
 .text._ZNK24MsgdmaTransmitDescriptor13TransmitAsyncEP14alt_msgdma_dev
                0x0000000000001c70      0x158 obj/default/source/peripheral/msgdma.o
                0x0000000000001c70                MsgdmaTransmitDescriptor::TransmitAsync(alt_msgdma_dev*) const
 .text._ZN12SharedMemory16UpdateParametersEv
                0x0000000000001dc8       0xa4 obj/default/source/shared_memory.o
                0x0000000000001dc8                SharedMemory::UpdateParameters()
 .text._ZN12SharedMemory15ClearParametersEv
                0x0000000000001e6c       0x40 obj/default/source/shared_memory.o
                0x0000000000001e6c                SharedMemory::ClearParameters()
 .text._ZN17StreamTransmitter14TransmitStatusEv
                0x0000000000001eac       0x20 obj/default/source/stream_transmitter.o
                0x0000000000001eac                StreamTransmitter::TransmitStatus()
 .text._ZN17StreamTransmitter12TransmitAdc2Ev
                0x0000000000001ecc       0x20 obj/default/source/stream_transmitter.o
                0x0000000000001ecc                StreamTransmitter::TransmitAdc2()
 .text._ZN17StreamTransmitter14TransmitMotionEi
                0x0000000000001eec      0x188 obj/default/source/stream_transmitter.o
                0x0000000000001eec                StreamTransmitter::TransmitMotion(int)
 .text._ZN15WheelController12StartControlEv
                0x0000000000002074       0x7c obj/default/source/wheel_controller.o
                0x0000000000002074                WheelController::StartControl()
 .text._ZN15WheelController11StopControlEv
                0x00000000000020f0       0x40 obj/default/source/wheel_controller.o
                0x00000000000020f0                WheelController::StopControl()
 .text._ZN15WheelController6UpdateEb
                0x0000000000002130      0x1c4 obj/default/source/wheel_controller.o
                0x0000000000002130                WheelController::Update(bool)
 .text._ZN15WheelController8SetGainsEff
                0x00000000000022f4       0x5c obj/default/source/wheel_controller.o
                0x00000000000022f4                WheelController::SetGains(float, float)
 .text._ZN15WheelController8GetGainsEPfS0_
                0x0000000000002350       0x1c obj/default/source/wheel_controller.o
                0x0000000000002350                WheelController::GetGains(float*, float*)
 .text._ZL16get_adjusted_ptrPKSt9type_infoS1_PPv
                0x000000000000236c       0x90 c:/opt/intelfpga_lite/20.1/nios2eds/bin/gnu/h-x86_64-mingw32/bin/../lib/gcc/nios2-elf/10.1.1/../../../../../H-x86_64-mingw32/nios2-elf/lib\libstdc++.a(eh_personality.o)
 .text._ZL28read_encoded_value_with_basehjPKhPj
                0x00000000000023fc      0x1e8 c:/opt/intelfpga_lite/20.1/nios2eds/bin/gnu/h-x86_64-mingw32/bin/../lib/gcc/nios2-elf/10.1.1/../../../../../H-x86_64-mingw32/nios2-elf/lib\libstdc++.a(eh_personality.o)
 .text._ZL21base_of_encoded_valuehP15_Unwind_Context
                0x00000000000025e4       0x70 c:/opt/intelfpga_lite/20.1/nios2eds/bin/gnu/h-x86_64-mingw32/bin/../lib/gcc/nios2-elf/10.1.1/../../../../../H-x86_64-mingw32/nios2-elf/lib\libstdc++.a(eh_personality.o)
 .text._ZL17parse_lsda_headerP15_Unwind_ContextPKhP16lsda_header_info
                0x0000000000002654      0x12c c:/opt/intelfpga_lite/20.1/nios2eds/bin/gnu/h-x86_64-mingw32/bin/../lib/gcc/nios2-elf/10.1.1/../../../../../H-x86_64-mingw32/nios2-elf/lib\libstdc++.a(eh_personality.o)
 .text._ZL20check_exception_specP16lsda_header_infoPKSt9type_infoPvl
                0x0000000000002780      0x110 c:/opt/intelfpga_lite/20.1/nios2eds/bin/gnu/h-x86_64-mingw32/bin/../lib/gcc/nios2-elf/10.1.1/../../../../../H-x86_64-mingw32/nios2-elf/lib\libstdc++.a(eh_personality.o)
 .text.__gxx_personality_sj0
                0x0000000000002890      0x698 c:/opt/intelfpga_lite/20.1/nios2eds/bin/gnu/h-x86_64-mingw32/bin/../lib/gcc/nios2-elf/10.1.1/../../../../../H-x86_64-mingw32/nios2-elf/lib\libstdc++.a(eh_personality.o)
                0x0000000000002890                __gxx_personality_sj0
 .text.__cxa_call_unexpected
                0x0000000000002f28      0x17c c:/opt/intelfpga_lite/20.1/nios2eds/bin/gnu/h-x86_64-mingw32/bin/../lib/gcc/nios2-elf/10.1.1/../../../../../H-x86_64-mingw32/nios2-elf/lib\libstdc++.a(eh_personality.o)
                0x0000000000002f28                __cxa_call_unexpected
 .text._ZN10__cxxabiv111__terminateEPFvvE
                0x00000000000030a4       0xc8 c:/opt/intelfpga_lite/20.1/nios2eds/bin/gnu/h-x86_64-mingw32/bin/../lib/gcc/nios2-elf/10.1.1/../../../../../H-x86_64-mingw32/nios2-elf/lib\libstdc++.a(eh_terminate.o)
                0x00000000000030a4                __cxxabiv1::__terminate(void (*)())
 .text._ZSt9terminatev
                0x000000000000316c       0x14 c:/opt/intelfpga_lite/20.1/nios2eds/bin/gnu/h-x86_64-mingw32/bin/../lib/gcc/nios2-elf/10.1.1/../../../../../H-x86_64-mingw32/nios2-elf/lib\libstdc++.a(eh_terminate.o)
                0x000000000000316c                std::terminate()
 .text._ZN10__cxxabiv112__unexpectedEPFvvE
                0x0000000000003180       0x10 c:/opt/intelfpga_lite/20.1/nios2eds/bin/gnu/h-x86_64-mingw32/bin/../lib/gcc/nios2-elf/10.1.1/../../../../../H-x86_64-mingw32/nios2-elf/lib\libstdc++.a(eh_terminate.o)
                0x0000000000003180                __cxxabiv1::__unexpected(void (*)())
 .text._ZSt10unexpectedv
                0x0000000000003190       0x14 c:/opt/intelfpga_lite/20.1/nios2eds/bin/gnu/h-x86_64-mingw32/bin/../lib/gcc/nios2-elf/10.1.1/../../../../../H-x86_64-mingw32/nios2-elf/lib\libstdc++.a(eh_terminate.o)
                0x0000000000003190                std::unexpected()
 .text._ZSt13get_terminatev
                0x00000000000031a4        0xc c:/opt/intelfpga_lite/20.1/nios2eds/bin/gnu/h-x86_64-mingw32/bin/../lib/gcc/nios2-elf/10.1.1/../../../../../H-x86_64-mingw32/nios2-elf/lib\libstdc++.a(eh_terminate.o)
                0x00000000000031a4                std::get_terminate()
 .text._ZSt14get_unexpectedv
                0x00000000000031b0        0xc c:/opt/intelfpga_lite/20.1/nios2eds/bin/gnu/h-x86_64-mingw32/bin/../lib/gcc/nios2-elf/10.1.1/../../../../../H-x86_64-mingw32/nios2-elf/lib\libstdc++.a(eh_terminate.o)
                0x00000000000031b0                std::get_unexpected()
 .text._ZL23__gxx_exception_cleanup19_Unwind_Reason_CodeP17_Unwind_Exception
                0x00000000000031bc       0x68 c:/opt/intelfpga_lite/20.1/nios2eds/bin/gnu/h-x86_64-mingw32/bin/../lib/gcc/nios2-elf/10.1.1/../../../../../H-x86_64-mingw32/nios2-elf/lib\libstdc++.a(eh_throw.o)
 .text.__cxa_init_primary_exception
                0x0000000000003224       0x64 c:/opt/intelfpga_lite/20.1/nios2eds/bin/gnu/h-x86_64-mingw32/bin/../lib/gcc/nios2-elf/10.1.1/../../../../../H-x86_64-mingw32/nios2-elf/lib\libstdc++.a(eh_throw.o)
                0x0000000000003224                __cxa_init_primary_exception
 .text.__cxa_throw
                0x0000000000003288       0x60 c:/opt/intelfpga_lite/20.1/nios2eds/bin/gnu/h-x86_64-mingw32/bin/../lib/gcc/nios2-elf/10.1.1/../../../../../H-x86_64-mingw32/nios2-elf/lib\libstdc++.a(eh_throw.o)
                0x0000000000003288                __cxa_throw
 .text.__cxa_rethrow
                0x00000000000032e8       0x84 c:/opt/intelfpga_lite/20.1/nios2eds/bin/gnu/h-x86_64-mingw32/bin/../lib/gcc/nios2-elf/10.1.1/../../../../../H-x86_64-mingw32/nios2-elf/lib\libstdc++.a(eh_throw.o)
                0x00000000000032e8                __cxa_rethrow
 .text._ZN12_GLOBAL__N_14pool4freeEPv.constprop.0
                0x000000000000336c       0xcc c:/opt/intelfpga_lite/20.1/nios2eds/bin/gnu/h-x86_64-mingw32/bin/../lib/gcc/nios2-elf/10.1.1/../../../../../H-x86_64-mingw32/nios2-elf/lib\libstdc++.a(eh_alloc.o)
 .text._ZN12_GLOBAL__N_14pool8allocateEj.constprop.0
                0x0000000000003438       0x90 c:/opt/intelfpga_lite/20.1/nios2eds/bin/gnu/h-x86_64-mingw32/bin/../lib/gcc/nios2-elf/10.1.1/../../../../../H-x86_64-mingw32/nios2-elf/lib\libstdc++.a(eh_alloc.o)
 .text.__cxa_allocate_exception
                0x00000000000034c8       0x58 c:/opt/intelfpga_lite/20.1/nios2eds/bin/gnu/h-x86_64-mingw32/bin/../lib/gcc/nios2-elf/10.1.1/../../../../../H-x86_64-mingw32/nios2-elf/lib\libstdc++.a(eh_alloc.o)
                0x00000000000034c8                __cxa_allocate_exception
 .text.__cxa_free_exception
                0x0000000000003520       0x28 c:/opt/intelfpga_lite/20.1/nios2eds/bin/gnu/h-x86_64-mingw32/bin/../lib/gcc/nios2-elf/10.1.1/../../../../../H-x86_64-mingw32/nios2-elf/lib\libstdc++.a(eh_alloc.o)
                0x0000000000003520                __cxa_free_exception
 .text.startup._GLOBAL__sub_I__ZN9__gnu_cxx9__freeresEv
                0x0000000000003548       0x64 c:/opt/intelfpga_lite/20.1/nios2eds/bin/gnu/h-x86_64-mingw32/bin/../lib/gcc/nios2-elf/10.1.1/../../../../../H-x86_64-mingw32/nios2-elf/lib\libstdc++.a(eh_alloc.o)
 .text.__cxa_call_terminate
                0x00000000000035ac       0x58 c:/opt/intelfpga_lite/20.1/nios2eds/bin/gnu/h-x86_64-mingw32/bin/../lib/gcc/nios2-elf/10.1.1/../../../../../H-x86_64-mingw32/nios2-elf/lib\libstdc++.a(eh_call.o)
                0x00000000000035ac                __cxa_call_terminate
 .text.__cxa_begin_catch
                0x0000000000003604       0xb8 c:/opt/intelfpga_lite/20.1/nios2eds/bin/gnu/h-x86_64-mingw32/bin/../lib/gcc/nios2-elf/10.1.1/../../../../../H-x86_64-mingw32/nios2-elf/lib\libstdc++.a(eh_catch.o)
                0x0000000000003604                __cxa_begin_catch
 .text.__cxa_end_catch
                0x00000000000036bc       0xb4 c:/opt/intelfpga_lite/20.1/nios2eds/bin/gnu/h-x86_64-mingw32/bin/../lib/gcc/nios2-elf/10.1.1/../../../../../H-x86_64-mingw32/nios2-elf/lib\libstdc++.a(eh_catch.o)
                0x00000000000036bc                __cxa_end_catch
 .text._ZNSt13bad_exceptionD2Ev
                0x0000000000003770        0x4 c:/opt/intelfpga_lite/20.1/nios2eds/bin/gnu/h-x86_64-mingw32/bin/../lib/gcc/nios2-elf/10.1.1/../../../../../H-x86_64-mingw32/nios2-elf/lib\libstdc++.a(eh_exception.o)
                0x0000000000003770                std::bad_exception::~bad_exception()
                0x0000000000003770                std::bad_exception::~bad_exception()
 .text._ZNKSt13bad_exception4whatEv
                0x0000000000003774        0xc c:/opt/intelfpga_lite/20.1/nios2eds/bin/gnu/h-x86_64-mingw32/bin/../lib/gcc/nios2-elf/10.1.1/../../../../../H-x86_64-mingw32/nios2-elf/lib\libstdc++.a(eh_exception.o)
                0x0000000000003774                std::bad_exception::what() const
                0x0000000000003774                transaction clone for std::bad_exception::what() const
 .text._ZNSt13bad_exceptionD0Ev
                0x0000000000003780        0x8 c:/opt/intelfpga_lite/20.1/nios2eds/bin/gnu/h-x86_64-mingw32/bin/../lib/gcc/nios2-elf/10.1.1/../../../../../H-x86_64-mingw32/nios2-elf/lib\libstdc++.a(eh_exception.o)
                0x0000000000003780                std::bad_exception::~bad_exception()
 .text.__cxa_get_globals_fast
                0x0000000000003788        0xc c:/opt/intelfpga_lite/20.1/nios2eds/bin/gnu/h-x86_64-mingw32/bin/../lib/gcc/nios2-elf/10.1.1/../../../../../H-x86_64-mingw32/nios2-elf/lib\libstdc++.a(eh_globals.o)
                0x0000000000003788                __cxa_get_globals_fast
 .text.__cxa_get_globals
                0x0000000000003794        0xc c:/opt/intelfpga_lite/20.1/nios2eds/bin/gnu/h-x86_64-mingw32/bin/../lib/gcc/nios2-elf/10.1.1/../../../../../H-x86_64-mingw32/nios2-elf/lib\libstdc++.a(eh_globals.o)
                0x0000000000003794                __cxa_get_globals
 .text._ZN10__cxxabiv120__si_class_type_infoD2Ev
                0x00000000000037a0       0x10 c:/opt/intelfpga_lite/20.1/nios2eds/bin/gnu/h-x86_64-mingw32/bin/../lib/gcc/nios2-elf/10.1.1/../../../../../H-x86_64-mingw32/nios2-elf/lib\libstdc++.a(si_class_type_info.o)
                0x00000000000037a0                __cxxabiv1::__si_class_type_info::~__si_class_type_info()
                0x00000000000037a0                __cxxabiv1::__si_class_type_info::~__si_class_type_info()
 .text._ZN10__cxxabiv120__si_class_type_infoD0Ev
                0x00000000000037b0       0x38 c:/opt/intelfpga_lite/20.1/nios2eds/bin/gnu/h-x86_64-mingw32/bin/../lib/gcc/nios2-elf/10.1.1/../../../../../H-x86_64-mingw32/nios2-elf/lib\libstdc++.a(si_class_type_info.o)
                0x00000000000037b0                __cxxabiv1::__si_class_type_info::~__si_class_type_info()
 .text._ZNK10__cxxabiv120__si_class_type_info12__do_dyncastEiNS_17__class_type_info10__sub_kindEPKS1_PKvS4_S6_RNS1_16__dyncast_resultE
                0x00000000000037e8      0x160 c:/opt/intelfpga_lite/20.1/nios2eds/bin/gnu/h-x86_64-mingw32/bin/../lib/gcc/nios2-elf/10.1.1/../../../../../H-x86_64-mingw32/nios2-elf/lib\libstdc++.a(si_class_type_info.o)
                0x00000000000037e8                __cxxabiv1::__si_class_type_info::__do_dyncast(int, __cxxabiv1::__class_type_info::__sub_kind, __cxxabiv1::__class_type_info const*, void const*, __cxxabiv1::__class_type_info const*, void const*, __cxxabiv1::__class_type_info::__dyncast_result&) const
 .text._ZNK10__cxxabiv120__si_class_type_info20__do_find_public_srcEiPKvPKNS_17__class_type_infoES2_
                0x0000000000003948       0x9c c:/opt/intelfpga_lite/20.1/nios2eds/bin/gnu/h-x86_64-mingw32/bin/../lib/gcc/nios2-elf/10.1.1/../../../../../H-x86_64-mingw32/nios2-elf/lib\libstdc++.a(si_class_type_info.o)
                0x0000000000003948                __cxxabiv1::__si_class_type_info::__do_find_public_src(int, void const*, __cxxabiv1::__class_type_info const*, void const*) const
 .text._ZNK10__cxxabiv120__si_class_type_info11__do_upcastEPKNS_17__class_type_infoEPKvRNS1_15__upcast_resultE
                0x00000000000039e4       0x84 c:/opt/intelfpga_lite/20.1/nios2eds/bin/gnu/h-x86_64-mingw32/bin/../lib/gcc/nios2-elf/10.1.1/../../../../../H-x86_64-mingw32/nios2-elf/lib\libstdc++.a(si_class_type_info.o)
                0x00000000000039e4                __cxxabiv1::__si_class_type_info::__do_upcast(__cxxabiv1::__class_type_info const*, void const*, __cxxabiv1::__class_type_info::__upcast_result&) const
 .text._ZNSt9type_infoD2Ev
                0x0000000000003a68        0x4 c:/opt/intelfpga_lite/20.1/nios2eds/bin/gnu/h-x86_64-mingw32/bin/../lib/gcc/nios2-elf/10.1.1/../../../../../H-x86_64-mingw32/nios2-elf/lib\libstdc++.a(tinfo.o)
                0x0000000000003a68                std::type_info::~type_info()
                0x0000000000003a68                std::type_info::~type_info()
 .text._ZNKSt9type_info14__is_pointer_pEv
                0x0000000000003a6c        0x8 c:/opt/intelfpga_lite/20.1/nios2eds/bin/gnu/h-x86_64-mingw32/bin/../lib/gcc/nios2-elf/10.1.1/../../../../../H-x86_64-mingw32/nios2-elf/lib\libstdc++.a(tinfo.o)
                0x0000000000003a6c                std::type_info::__is_pointer_p() const
                0x0000000000003a6c                std::type_info::__is_function_p() const
 .text._ZNK10__cxxabiv117__class_type_info11__do_upcastEPKS0_PPv
                0x0000000000003a74       0x78 c:/opt/intelfpga_lite/20.1/nios2eds/bin/gnu/h-x86_64-mingw32/bin/../lib/gcc/nios2-elf/10.1.1/../../../../../H-x86_64-mingw32/nios2-elf/lib\libstdc++.a(class_type_info.o)
                0x0000000000003a74                __cxxabiv1::__class_type_info::__do_upcast(__cxxabiv1::__class_type_info const*, void**) const
 .text._ZNK10__cxxabiv117__class_type_info20__do_find_public_srcEiPKvPKS0_S2_
                0x0000000000003aec       0x18 c:/opt/intelfpga_lite/20.1/nios2eds/bin/gnu/h-x86_64-mingw32/bin/../lib/gcc/nios2-elf/10.1.1/../../../../../H-x86_64-mingw32/nios2-elf/lib\libstdc++.a(class_type_info.o)
                0x0000000000003aec                __cxxabiv1::__class_type_info::__do_find_public_src(int, void const*, __cxxabiv1::__class_type_info const*, void const*) const
 .text._ZN10__cxxabiv117__class_type_infoD2Ev
                0x0000000000003b04       0x10 c:/opt/intelfpga_lite/20.1/nios2eds/bin/gnu/h-x86_64-mingw32/bin/../lib/gcc/nios2-elf/10.1.1/../../../../../H-x86_64-mingw32/nios2-elf/lib\libstdc++.a(class_type_info.o)
                0x0000000000003b04                __cxxabiv1::__class_type_info::~__class_type_info()
                0x0000000000003b04                __cxxabiv1::__class_type_info::~__class_type_info()
 .text._ZN10__cxxabiv117__class_type_infoD0Ev
                0x0000000000003b14       0x38 c:/opt/intelfpga_lite/20.1/nios2eds/bin/gnu/h-x86_64-mingw32/bin/../lib/gcc/nios2-elf/10.1.1/../../../../../H-x86_64-mingw32/nios2-elf/lib\libstdc++.a(class_type_info.o)
                0x0000000000003b14                __cxxabiv1::__class_type_info::~__class_type_info()
 .text._ZNK10__cxxabiv117__class_type_info11__do_upcastEPKS0_PKvRNS0_15__upcast_resultE
                0x0000000000003b4c       0x6c c:/opt/intelfpga_lite/20.1/nios2eds/bin/gnu/h-x86_64-mingw32/bin/../lib/gcc/nios2-elf/10.1.1/../../../../../H-x86_64-mingw32/nios2-elf/lib\libstdc++.a(class_type_info.o)
                0x0000000000003b4c                __cxxabiv1::__class_type_info::__do_upcast(__cxxabiv1::__class_type_info const*, void const*, __cxxabiv1::__class_type_info::__upcast_result&) const
 .text._ZNK10__cxxabiv117__class_type_info10__do_catchEPKSt9type_infoPPvj
                0x0000000000003bb8       0x9c c:/opt/intelfpga_lite/20.1/nios2eds/bin/gnu/h-x86_64-mingw32/bin/../lib/gcc/nios2-elf/10.1.1/../../../../../H-x86_64-mingw32/nios2-elf/lib\libstdc++.a(class_type_info.o)
                0x0000000000003bb8                __cxxabiv1::__class_type_info::__do_catch(std::type_info const*, void**, unsigned int) const
 .text._ZNK10__cxxabiv117__class_type_info12__do_dyncastEiNS0_10__sub_kindEPKS0_PKvS3_S5_RNS0_16__dyncast_resultE
                0x0000000000003c54       0xc4 c:/opt/intelfpga_lite/20.1/nios2eds/bin/gnu/h-x86_64-mingw32/bin/../lib/gcc/nios2-elf/10.1.1/../../../../../H-x86_64-mingw32/nios2-elf/lib\libstdc++.a(class_type_info.o)
                0x0000000000003c54                __cxxabiv1::__class_type_info::__do_dyncast(int, __cxxabiv1::__class_type_info::__sub_kind, __cxxabiv1::__class_type_info const*, void const*, __cxxabiv1::__class_type_info const*, void const*, __cxxabiv1::__class_type_info::__dyncast_result&) const
 .text._ZdlPvj  0x0000000000003d18        0x4 c:/opt/intelfpga_lite/20.1/nios2eds/bin/gnu/h-x86_64-mingw32/bin/../lib/gcc/nios2-elf/10.1.1/../../../../../H-x86_64-mingw32/nios2-elf/lib\libstdc++.a(del_ops.o)
                0x0000000000003d18                operator delete(void*, unsigned int)
 .text._ZdlPv   0x0000000000003d1c        0x4 c:/opt/intelfpga_lite/20.1/nios2eds/bin/gnu/h-x86_64-mingw32/bin/../lib/gcc/nios2-elf/10.1.1/../../../../../H-x86_64-mingw32/nios2-elf/lib\libstdc++.a(del_op.o)
                0x0000000000003d1c                operator delete(void*)
 .text.fmaxf    0x0000000000003d20       0x5c c:/opt/intelfpga_lite/20.1/nios2eds/bin/gnu/h-x86_64-mingw32/bin/../lib/gcc/nios2-elf/10.1.1/../../../../../H-x86_64-mingw32/nios2-elf/lib\libm.a(lib_a-sf_fmax.o)
                0x0000000000003d20                fmaxf
 .text.fminf    0x0000000000003d7c       0x5c c:/opt/intelfpga_lite/20.1/nios2eds/bin/gnu/h-x86_64-mingw32/bin/../lib/gcc/nios2-elf/10.1.1/../../../../../H-x86_64-mingw32/nios2-elf/lib\libm.a(lib_a-sf_fmin.o)
                0x0000000000003d7c                fminf
 .text.__fpclassifyf
                0x0000000000003dd8       0x54 c:/opt/intelfpga_lite/20.1/nios2eds/bin/gnu/h-x86_64-mingw32/bin/../lib/gcc/nios2-elf/10.1.1/../../../../../H-x86_64-mingw32/nios2-elf/lib\libm.a(lib_a-sf_fpclassify.o)
                0x0000000000003dd8                __fpclassifyf
 .text          0x0000000000003e2c       0xb8 c:/opt/intelfpga_lite/20.1/nios2eds/bin/gnu/h-x86_64-mingw32/bin/../lib/gcc/nios2-elf/10.1.1\libgcc.a(gesf2.o)
                0x0000000000003e2c                __gesf2
                0x0000000000003e2c                __gtsf2
 .text          0x0000000000003ee4       0xb4 c:/opt/intelfpga_lite/20.1/nios2eds/bin/gnu/h-x86_64-mingw32/bin/../lib/gcc/nios2-elf/10.1.1\libgcc.a(lesf2.o)
                0x0000000000003ee4                __ltsf2
                0x0000000000003ee4                __lesf2
 .text          0x0000000000003f98      0x524 c:/opt/intelfpga_lite/20.1/nios2eds/bin/gnu/h-x86_64-mingw32/bin/../lib/gcc/nios2-elf/10.1.1\libgcc.a(unwind-sjlj.o)
                0x00000000000041b0                _Unwind_SjLj_Register
                0x00000000000041c8                _Unwind_SjLj_Unregister
                0x00000000000041d8                _Unwind_GetGR
                0x00000000000041f0                _Unwind_GetCFA
                0x0000000000004208                _Unwind_SetGR
                0x0000000000004220                _Unwind_GetIP
                0x0000000000004230                _Unwind_GetIPInfo
                0x0000000000004250                _Unwind_SetIP
                0x0000000000004260                _Unwind_GetLanguageSpecificData
                0x000000000000426c                _Unwind_GetRegionStart
                0x0000000000004274                _Unwind_FindEnclosingFunction
                0x000000000000427c                _Unwind_GetDataRelBase
                0x0000000000004284                _Unwind_GetTextRelBase
                0x000000000000428c                _Unwind_SjLj_RaiseException
                0x0000000000004354                _Unwind_SjLj_ForcedUnwind
                0x0000000000004398                _Unwind_SjLj_Resume
                0x00000000000043dc                _Unwind_SjLj_Resume_or_Rethrow
                0x000000000000441c                _Unwind_DeleteException
                0x0000000000004434                _Unwind_Backtrace
 .text.unlikely.abort
                0x00000000000044bc       0x18 c:/opt/intelfpga_lite/20.1/nios2eds/bin/gnu/h-x86_64-mingw32/bin/../lib/gcc/nios2-elf/10.1.1/../../../../../H-x86_64-mingw32/nios2-elf/lib\libsmallc.a(lib_a-abort.o)
                0x00000000000044bc                abort
 .text.malloc   0x00000000000044d4       0x10 c:/opt/intelfpga_lite/20.1/nios2eds/bin/gnu/h-x86_64-mingw32/bin/../lib/gcc/nios2-elf/10.1.1/../../../../../H-x86_64-mingw32/nios2-elf/lib\libsmallc.a(lib_a-malloc.o)
                0x00000000000044d4                malloc
 .text.free     0x00000000000044e4       0x10 c:/opt/intelfpga_lite/20.1/nios2eds/bin/gnu/h-x86_64-mingw32/bin/../lib/gcc/nios2-elf/10.1.1/../../../../../H-x86_64-mingw32/nios2-elf/lib\libsmallc.a(lib_a-malloc.o)
                0x00000000000044e4                free
 .text.memcpy   0x00000000000044f4       0x28 c:/opt/intelfpga_lite/20.1/nios2eds/bin/gnu/h-x86_64-mingw32/bin/../lib/gcc/nios2-elf/10.1.1/../../../../../H-x86_64-mingw32/nios2-elf/lib\libsmallc.a(lib_a-memcpy.o)
                0x00000000000044f4                memcpy
 .text.memmove  0x000000000000451c       0x60 c:/opt/intelfpga_lite/20.1/nios2eds/bin/gnu/h-x86_64-mingw32/bin/../lib/gcc/nios2-elf/10.1.1/../../../../../H-x86_64-mingw32/nios2-elf/lib\libsmallc.a(lib_a-memmove.o)
                0x000000000000451c                memmove
 .text.memset   0x000000000000457c       0x20 c:/opt/intelfpga_lite/20.1/nios2eds/bin/gnu/h-x86_64-mingw32/bin/../lib/gcc/nios2-elf/10.1.1/../../../../../H-x86_64-mingw32/nios2-elf/lib\libsmallc.a(lib_a-memset.o)
                0x000000000000457c                memset
 .text._free_r  0x000000000000459c      0x100 c:/opt/intelfpga_lite/20.1/nios2eds/bin/gnu/h-x86_64-mingw32/bin/../lib/gcc/nios2-elf/10.1.1/../../../../../H-x86_64-mingw32/nios2-elf/lib\libsmallc.a(lib_a-nano-freer.o)
                0x000000000000459c                _free_r
 .text._malloc_r
                0x000000000000469c      0x160 c:/opt/intelfpga_lite/20.1/nios2eds/bin/gnu/h-x86_64-mingw32/bin/../lib/gcc/nios2-elf/10.1.1/../../../../../H-x86_64-mingw32/nios2-elf/lib\libsmallc.a(lib_a-nano-mallocr.o)
                0x000000000000469c                _malloc_r
 .text.printf   0x00000000000047fc       0x48 c:/opt/intelfpga_lite/20.1/nios2eds/bin/gnu/h-x86_64-mingw32/bin/../lib/gcc/nios2-elf/10.1.1/../../../../../H-x86_64-mingw32/nios2-elf/lib\libsmallc.a(lib_a-printf.o)
                0x00000000000047fc                printf
 .text._sbrk_r  0x0000000000004844       0x48 c:/opt/intelfpga_lite/20.1/nios2eds/bin/gnu/h-x86_64-mingw32/bin/../lib/gcc/nios2-elf/10.1.1/../../../../../H-x86_64-mingw32/nios2-elf/lib\libsmallc.a(lib_a-sbrkr.o)
                0x0000000000004844                _sbrk_r
 .text._raise_r
                0x000000000000488c       0xb4 c:/opt/intelfpga_lite/20.1/nios2eds/bin/gnu/h-x86_64-mingw32/bin/../lib/gcc/nios2-elf/10.1.1/../../../../../H-x86_64-mingw32/nios2-elf/lib\libsmallc.a(lib_a-signal.o)
                0x000000000000488c                _raise_r
 .text.raise    0x0000000000004940       0x10 c:/opt/intelfpga_lite/20.1/nios2eds/bin/gnu/h-x86_64-mingw32/bin/../lib/gcc/nios2-elf/10.1.1/../../../../../H-x86_64-mingw32/nios2-elf/lib\libsmallc.a(lib_a-signal.o)
                0x0000000000004940                raise
 .text._kill_r  0x0000000000004950       0x4c c:/opt/intelfpga_lite/20.1/nios2eds/bin/gnu/h-x86_64-mingw32/bin/../lib/gcc/nios2-elf/10.1.1/../../../../../H-x86_64-mingw32/nios2-elf/lib\libsmallc.a(lib_a-signalr.o)
                0x0000000000004950                _kill_r
 .text._getpid_r
                0x000000000000499c        0x4 c:/opt/intelfpga_lite/20.1/nios2eds/bin/gnu/h-x86_64-mingw32/bin/../lib/gcc/nios2-elf/10.1.1/../../../../../H-x86_64-mingw32/nios2-elf/lib\libsmallc.a(lib_a-signalr.o)
                0x000000000000499c                _getpid_r
 .text.strcmp   0x00000000000049a0       0x44 c:/opt/intelfpga_lite/20.1/nios2eds/bin/gnu/h-x86_64-mingw32/bin/../lib/gcc/nios2-elf/10.1.1/../../../../../H-x86_64-mingw32/nios2-elf/lib\libsmallc.a(lib_a-strcmp.o)
                0x00000000000049a0                strcmp
 .text.print_repeat
                0x00000000000049e4       0x6c c:/opt/intelfpga_lite/20.1/nios2eds/bin/gnu/h-x86_64-mingw32/bin/../lib/gcc/nios2-elf/10.1.1/../../../../../H-x86_64-mingw32/nios2-elf/lib\libsmallc.a(lib_a-vfprintf.o)
 .text.___vfprintf_internal_r
                0x0000000000004a50      0x4ec c:/opt/intelfpga_lite/20.1/nios2eds/bin/gnu/h-x86_64-mingw32/bin/../lib/gcc/nios2-elf/10.1.1/../../../../../H-x86_64-mingw32/nios2-elf/lib\libsmallc.a(lib_a-vfprintf.o)
                0x0000000000004a50                ___vfprintf_internal_r
 .text.__vfprintf_internal
                0x0000000000004f3c       0x18 c:/opt/intelfpga_lite/20.1/nios2eds/bin/gnu/h-x86_64-mingw32/bin/../lib/gcc/nios2-elf/10.1.1/../../../../../H-x86_64-mingw32/nios2-elf/lib\libsmallc.a(lib_a-vfprintf.o)
                0x0000000000004f3c                __vfprintf_internal
 .text.__sfvwrite_small_dev
                0x0000000000004f54       0xa8 c:/opt/intelfpga_lite/20.1/nios2eds/bin/gnu/h-x86_64-mingw32/bin/../lib/gcc/nios2-elf/10.1.1/../../../../../H-x86_64-mingw32/nios2-elf/lib\libsmallc.a(lib_a-fvwrite_small_dev.o)
                0x0000000000004f54                __sfvwrite_small_dev
 .text.strlen   0x0000000000004ffc       0x1c c:/opt/intelfpga_lite/20.1/nios2eds/bin/gnu/h-x86_64-mingw32/bin/../lib/gcc/nios2-elf/10.1.1/../../../../../H-x86_64-mingw32/nios2-elf/lib\libsmallc.a(lib_a-strlen.o)
                0x0000000000004ffc                strlen
 .text._write_r
                0x0000000000005018       0x50 c:/opt/intelfpga_lite/20.1/nios2eds/bin/gnu/h-x86_64-mingw32/bin/../lib/gcc/nios2-elf/10.1.1/../../../../../H-x86_64-mingw32/nios2-elf/lib\libsmallc.a(lib_a-writer.o)
                0x0000000000005018                _write_r
 .text          0x0000000000005068      0x1b4 c:/opt/intelfpga_lite/20.1/nios2eds/bin/gnu/h-x86_64-mingw32/bin/../lib/gcc/nios2-elf/10.1.1\libgcc.a(lib2-divmod.o)
                0x0000000000005068                __divsi3
                0x00000000000050e8                __modsi3
                0x000000000000515c                __udivsi3
                0x00000000000051c0                __umodsi3
 .text.alt_getchar
                0x000000000000521c       0x40 c:/work/Robocup/phoenix-firmware/FPGA/App/software/controller_bsp/\libhal_bsp.a(alt_getchar.o)
                0x000000000000521c                alt_getchar
 .text.getpid   0x000000000000525c        0x8 c:/work/Robocup/phoenix-firmware/FPGA/App/software/controller_bsp/\libhal_bsp.a(alt_getpid.o)
                0x000000000000525c                getpid
 .text.kill     0x0000000000005264       0xf4 c:/work/Robocup/phoenix-firmware/FPGA/App/software/controller_bsp/\libhal_bsp.a(alt_kill.o)
                0x0000000000005264                kill
 .text.alt_load
                0x0000000000005358       0x84 c:/work/Robocup/phoenix-firmware/FPGA/App/software/controller_bsp/\libhal_bsp.a(alt_load.o)
                0x0000000000005358                alt_load
 .text.alt_main
                0x00000000000053dc       0x30 c:/work/Robocup/phoenix-firmware/FPGA/App/software/controller_bsp/\libhal_bsp.a(alt_main.o)
                0x00000000000053dc                alt_main
 .text.__malloc_lock
                0x000000000000540c        0x4 c:/work/Robocup/phoenix-firmware/FPGA/App/software/controller_bsp/\libhal_bsp.a(alt_malloc_lock.o)
                0x000000000000540c                __malloc_lock
 .text.__malloc_unlock
                0x0000000000005410        0x4 c:/work/Robocup/phoenix-firmware/FPGA/App/software/controller_bsp/\libhal_bsp.a(alt_malloc_lock.o)
                0x0000000000005410                __malloc_unlock
 .text.alt_putchar
                0x0000000000005414       0x4c c:/work/Robocup/phoenix-firmware/FPGA/App/software/controller_bsp/\libhal_bsp.a(alt_putchar.o)
                0x0000000000005414                alt_putchar
 .text.alt_putstr
                0x0000000000005460       0x38 c:/work/Robocup/phoenix-firmware/FPGA/App/software/controller_bsp/\libhal_bsp.a(alt_putstr.o)
                0x0000000000005460                alt_putstr
 .text.sbrk     0x0000000000005498       0x68 c:/work/Robocup/phoenix-firmware/FPGA/App/software/controller_bsp/\libhal_bsp.a(alt_sbrk.o)
                0x0000000000005498                sbrk
 .text.usleep   0x0000000000005500        0x4 c:/work/Robocup/phoenix-firmware/FPGA/App/software/controller_bsp/\libhal_bsp.a(alt_usleep.o)
                0x0000000000005500                usleep
 .text.write    0x0000000000005504       0x5c c:/work/Robocup/phoenix-firmware/FPGA/App/software/controller_bsp/\libhal_bsp.a(alt_write.o)
                0x0000000000005504                write
 .text.alt_irq_init
                0x0000000000005560       0x2c c:/work/Robocup/phoenix-firmware/FPGA/App/software/controller_bsp/\libhal_bsp.a(alt_sys_init.o)
                0x0000000000005560                alt_irq_init
 .text.alt_sys_init
                0x000000000000558c       0x20 c:/work/Robocup/phoenix-firmware/FPGA/App/software/controller_bsp/\libhal_bsp.a(alt_sys_init.o)
                0x000000000000558c                alt_sys_init
 .text.altera_avalon_jtag_uart_read
                0x00000000000055ac       0x58 c:/work/Robocup/phoenix-firmware/FPGA/App/software/controller_bsp/\libhal_bsp.a(altera_avalon_jtag_uart_read.o)
                0x00000000000055ac                altera_avalon_jtag_uart_read
 .text.altera_avalon_jtag_uart_write
                0x0000000000005604       0x30 c:/work/Robocup/phoenix-firmware/FPGA/App/software/controller_bsp/\libhal_bsp.a(altera_avalon_jtag_uart_write.o)
                0x0000000000005604                altera_avalon_jtag_uart_write
 .text.perf_get_section_time
                0x0000000000005634       0x24 c:/work/Robocup/phoenix-firmware/FPGA/App/software/controller_bsp/\libhal_bsp.a(altera_avalon_performance_counter.o)
                0x0000000000005634                perf_get_section_time
 .text.alt_avalon_spi_command
                0x0000000000005658       0xd4 c:/work/Robocup/phoenix-firmware/FPGA/App/software/controller_bsp/\libhal_bsp.a(altera_avalon_spi.o)
                0x0000000000005658                alt_avalon_spi_command
 .text.alt_msgdma_irq
                0x000000000000572c       0xdc c:/work/Robocup/phoenix-firmware/FPGA/App/software/controller_bsp/\libhal_bsp.a(altera_msgdma.o)
 .text.alt_msgdma_open
                0x0000000000005808       0x4c c:/work/Robocup/phoenix-firmware/FPGA/App/software/controller_bsp/\libhal_bsp.a(altera_msgdma.o)
                0x0000000000005808                alt_msgdma_open
 .text.alt_msgdma_init
                0x0000000000005854       0xd4 c:/work/Robocup/phoenix-firmware/FPGA/App/software/controller_bsp/\libhal_bsp.a(altera_msgdma.o)
                0x0000000000005854                alt_msgdma_init
 .text          0x0000000000005928       0x90 c:/work/Robocup/phoenix-firmware/FPGA/App/software/controller_bsp/\libhal_bsp.a(altera_vic_0_vector_tbl.o)
                0x0000000000005928                VIC_0_VECTOR_TABLE
 .text          0x00000000000059b8       0x24 c:/work/Robocup/phoenix-firmware/FPGA/App/software/controller_bsp/\libhal_bsp.a(altera_vic_funnel_non_preemptive.o)
                0x00000000000059b8                alt_shadow_non_preemptive_interrupt
 .text.alt_vic_irq_init
                0x00000000000059dc       0x9c c:/work/Robocup/phoenix-firmware/FPGA/App/software/controller_bsp/\libhal_bsp.a(altera_vic_irq_init.o)
                0x00000000000059dc                alt_vic_irq_init
 .text.alt_ic_isr_register
                0x0000000000005a78       0x7c c:/work/Robocup/phoenix-firmware/FPGA/App/software/controller_bsp/\libhal_bsp.a(altera_vic_isr_register.o)
                0x0000000000005a78                alt_ic_isr_register
 .text.alt_busy_sleep
                0x0000000000005af4       0x84 c:/work/Robocup/phoenix-firmware/FPGA/App/software/controller_bsp/\libhal_bsp.a(alt_busy_sleep.o)
                0x0000000000005af4                alt_busy_sleep
 .text.alt_dcache_flush_all
                0x0000000000005b78        0x4 c:/work/Robocup/phoenix-firmware/FPGA/App/software/controller_bsp/\libhal_bsp.a(alt_dcache_flush_all.o)
                0x0000000000005b78                alt_dcache_flush_all
 .text.alt_dev_null_write
                0x0000000000005b7c        0x8 c:/work/Robocup/phoenix-firmware/FPGA/App/software/controller_bsp/\libhal_bsp.a(alt_dev.o)
 .text.alt_dev_llist_insert
                0x0000000000005b84       0x6c c:/work/Robocup/phoenix-firmware/FPGA/App/software/controller_bsp/\libhal_bsp.a(alt_dev_llist_insert.o)
                0x0000000000005b84                alt_dev_llist_insert
 .text._do_ctors
                0x0000000000005bf0       0x48 c:/work/Robocup/phoenix-firmware/FPGA/App/software/controller_bsp/\libhal_bsp.a(alt_do_ctors.o)
                0x0000000000005bf0                _do_ctors
 .text.alt_find_dev
                0x0000000000005c38       0x70 c:/work/Robocup/phoenix-firmware/FPGA/App/software/controller_bsp/\libhal_bsp.a(alt_find_dev.o)
                0x0000000000005c38                alt_find_dev
 .text.alt_icache_flush_all
                0x0000000000005ca8        0x4 c:/work/Robocup/phoenix-firmware/FPGA/App/software/controller_bsp/\libhal_bsp.a(alt_icache_flush_all.o)
                0x0000000000005ca8                alt_icache_flush_all
 .text.memcmp   0x0000000000005cac       0x30 c:/opt/intelfpga_lite/20.1/nios2eds/bin/gnu/h-x86_64-mingw32/bin/../lib/gcc/nios2-elf/10.1.1/../../../../../H-x86_64-mingw32/nios2-elf/lib\libsmallc.a(lib_a-memcmp.o)
                0x0000000000005cac                memcmp
 *(.gnu.warning.*)
 *(.fini)
                [!provide]                        PROVIDE (__etext = ABSOLUTE (.))
                [!provide]                        PROVIDE (_etext = ABSOLUTE (.))
                [!provide]                        PROVIDE (etext = ABSOLUTE (.))
 *(.eh_frame_hdr)
                0x0000000000005cdc                . = ALIGN (0x4)
                [!provide]                        PROVIDE (__preinit_array_start = ABSOLUTE (.))
 *(.preinit_array)
                [!provide]                        PROVIDE (__preinit_array_end = ABSOLUTE (.))
                [!provide]                        PROVIDE (__init_array_start = ABSOLUTE (.))
 *(.init_array)
                [!provide]                        PROVIDE (__init_array_end = ABSOLUTE (.))
                [!provide]                        PROVIDE (__fini_array_start = ABSOLUTE (.))
 *(.fini_array)
                [!provide]                        PROVIDE (__fini_array_end = ABSOLUTE (.))
 *(.eh_frame)
 *(.gcc_except_table .gcc_except_table.*)
 .gcc_except_table.main
                0x0000000000005cdc        0x6 obj/default/source/main.o
 *fill*         0x0000000000005ce2        0x2 3a880100
 .gcc_except_table.__gxx_personality_sj0
                0x0000000000005ce4       0x10 c:/opt/intelfpga_lite/20.1/nios2eds/bin/gnu/h-x86_64-mingw32/bin/../lib/gcc/nios2-elf/10.1.1/../../../../../H-x86_64-mingw32/nios2-elf/lib\libstdc++.a(eh_personality.o)
 .gcc_except_table.__cxa_call_unexpected
                0x0000000000005cf4       0x10 c:/opt/intelfpga_lite/20.1/nios2eds/bin/gnu/h-x86_64-mingw32/bin/../lib/gcc/nios2-elf/10.1.1/../../../../../H-x86_64-mingw32/nios2-elf/lib\libstdc++.a(eh_personality.o)
 .gcc_except_table._ZN10__cxxabiv111__terminateEPFvvE
                0x0000000000005d04       0x15 c:/opt/intelfpga_lite/20.1/nios2eds/bin/gnu/h-x86_64-mingw32/bin/../lib/gcc/nios2-elf/10.1.1/../../../../../H-x86_64-mingw32/nios2-elf/lib\libstdc++.a(eh_terminate.o)
 *(.dynamic)
                0x0000000000005d19                PROVIDE (__CTOR_LIST__ = ABSOLUTE (.))
 *(.ctors)
 *fill*         0x0000000000005d19        0x3 3a880100
 .ctors         0x0000000000005d1c        0x4 c:/opt/intelfpga_lite/20.1/nios2eds/bin/gnu/h-x86_64-mingw32/bin/../lib/gcc/nios2-elf/10.1.1/../../../../../H-x86_64-mingw32/nios2-elf/lib\libstdc++.a(eh_alloc.o)
 *(SORT_BY_NAME(.ctors.*))
                0x0000000000005d20                PROVIDE (__CTOR_END__ = ABSOLUTE (.))
                [!provide]                        PROVIDE (__DTOR_LIST__ = ABSOLUTE (.))
 *(.dtors)
 *(SORT_BY_NAME(.dtors.*))
                [!provide]                        PROVIDE (__DTOR_END__ = ABSOLUTE (.))
 *(.jcr)
                0x0000000000005d20                . = ALIGN (0x4)

.rodata         0x0000000000005d20      0x3dc
                0x0000000000005d20                PROVIDE (__ram_rodata_start = ABSOLUTE (.))
                0x0000000000005d20                . = ALIGN (0x4)
 *(.rodata .rodata.* .gnu.linkonce.r.*)
 .rodata.str1.4
                0x0000000000005d20       0x41 obj/default/source/microshell/core/mscore.o
 *fill*         0x0000000000005d61        0x3 
 .rodata.kmlist
                0x0000000000005d64       0x70 obj/default/source/microshell/core/mscore.o
 .rodata._ZL12command_adc2P5MSOPTPv.str1.4
                0x0000000000005dd4       0x19 obj/default/source/main.o
 *fill*         0x0000000000005ded        0x3 
 .rodata._ZL14command_statusP5MSOPTPv.str1.4
                0x0000000000005df0       0x54 obj/default/source/main.o
 .rodata._ZL11command_imuP5MSOPTPv.str1.4
                0x0000000000005e44       0x24 obj/default/source/main.o
 .rodata._ZL10command_kiP5MSOPTPv.str1.4
                0x0000000000005e68        0x9 obj/default/source/main.o
 *fill*         0x0000000000005e71        0x3 
 .rodata._ZL10command_kpP5MSOPTPv.str1.4
                0x0000000000005e74        0x9 obj/default/source/main.o
 *fill*         0x0000000000005e7d        0x3 
 .rodata._ZL14command_switchP5MSOPTPv.str1.4
                0x0000000000005e80        0xc obj/default/source/main.o
 .rodata.main.str1.4
                0x0000000000005e8c       0x29 obj/default/source/main.o
 *fill*         0x0000000000005eb5        0x3 
 .rodata.str1.4
                0x0000000000005eb8       0x2a obj/default/source/main.o
 *fill*         0x0000000000005ee2        0x2 
 .rodata._ZZ4mainE13command_table
                0x0000000000005ee4       0x40 obj/default/source/main.o
 .rodata._ZL25StreamDataDesciptorMotion
                0x0000000000005f24       0x10 obj/default/source/stream_transmitter.o
 .rodata._ZL23StreamDataDesciptorAdc2
                0x0000000000005f34       0x10 obj/default/source/stream_transmitter.o
 .rodata._ZL25StreamDataDesciptorStatus
                0x0000000000005f44       0x10 obj/default/source/stream_transmitter.o
 .rodata._ZNKSt13bad_exception4whatEv.str1.4
                0x0000000000005f54       0x13 c:/opt/intelfpga_lite/20.1/nios2eds/bin/gnu/h-x86_64-mingw32/bin/../lib/gcc/nios2-elf/10.1.1/../../../../../H-x86_64-mingw32/nios2-elf/lib\libstdc++.a(eh_exception.o)
 *fill*         0x0000000000005f67        0x1 
 .rodata._ZTSSt9exception
                0x0000000000005f68        0xd c:/opt/intelfpga_lite/20.1/nios2eds/bin/gnu/h-x86_64-mingw32/bin/../lib/gcc/nios2-elf/10.1.1/../../../../../H-x86_64-mingw32/nios2-elf/lib\libstdc++.a(eh_exception.o)
                0x0000000000005f68                typeinfo name for std::exception
 *fill*         0x0000000000005f75        0x3 
 .rodata._ZTSSt13bad_exception
                0x0000000000005f78       0x12 c:/opt/intelfpga_lite/20.1/nios2eds/bin/gnu/h-x86_64-mingw32/bin/../lib/gcc/nios2-elf/10.1.1/../../../../../H-x86_64-mingw32/nios2-elf/lib\libstdc++.a(eh_exception.o)
                0x0000000000005f78                typeinfo name for std::bad_exception
 *fill*         0x0000000000005f8a        0x2 
 .rodata._ZTISt13bad_exception
                0x0000000000005f8c        0xc c:/opt/intelfpga_lite/20.1/nios2eds/bin/gnu/h-x86_64-mingw32/bin/../lib/gcc/nios2-elf/10.1.1/../../../../../H-x86_64-mingw32/nios2-elf/lib\libstdc++.a(eh_exception.o)
                0x0000000000005f8c                typeinfo for std::bad_exception
 .rodata._ZTSN10__cxxabiv115__forced_unwindE
                0x0000000000005f98       0x20 c:/opt/intelfpga_lite/20.1/nios2eds/bin/gnu/h-x86_64-mingw32/bin/../lib/gcc/nios2-elf/10.1.1/../../../../../H-x86_64-mingw32/nios2-elf/lib\libstdc++.a(eh_exception.o)
                0x0000000000005f98                typeinfo name for __cxxabiv1::__forced_unwind
 .rodata._ZTSN10__cxxabiv119__foreign_exceptionE
                0x0000000000005fb8       0x24 c:/opt/intelfpga_lite/20.1/nios2eds/bin/gnu/h-x86_64-mingw32/bin/../lib/gcc/nios2-elf/10.1.1/../../../../../H-x86_64-mingw32/nios2-elf/lib\libstdc++.a(eh_exception.o)
                0x0000000000005fb8                typeinfo name for __cxxabiv1::__foreign_exception
 .rodata._ZTVSt13bad_exception
                0x0000000000005fdc       0x14 c:/opt/intelfpga_lite/20.1/nios2eds/bin/gnu/h-x86_64-mingw32/bin/../lib/gcc/nios2-elf/10.1.1/../../../../../H-x86_64-mingw32/nios2-elf/lib\libstdc++.a(eh_exception.o)
                0x0000000000005fdc                vtable for std::bad_exception
 .rodata._ZTSN10__cxxabiv120__si_class_type_infoE
                0x0000000000005ff0       0x25 c:/opt/intelfpga_lite/20.1/nios2eds/bin/gnu/h-x86_64-mingw32/bin/../lib/gcc/nios2-elf/10.1.1/../../../../../H-x86_64-mingw32/nios2-elf/lib\libstdc++.a(si_class_type_info.o)
                0x0000000000005ff0                typeinfo name for __cxxabiv1::__si_class_type_info
 *fill*         0x0000000000006015        0x3 
 .rodata._ZTIN10__cxxabiv120__si_class_type_infoE
                0x0000000000006018        0xc c:/opt/intelfpga_lite/20.1/nios2eds/bin/gnu/h-x86_64-mingw32/bin/../lib/gcc/nios2-elf/10.1.1/../../../../../H-x86_64-mingw32/nios2-elf/lib\libstdc++.a(si_class_type_info.o)
                0x0000000000006018                typeinfo for __cxxabiv1::__si_class_type_info
 .rodata._ZTVN10__cxxabiv120__si_class_type_infoE
                0x0000000000006024       0x2c c:/opt/intelfpga_lite/20.1/nios2eds/bin/gnu/h-x86_64-mingw32/bin/../lib/gcc/nios2-elf/10.1.1/../../../../../H-x86_64-mingw32/nios2-elf/lib\libstdc++.a(si_class_type_info.o)
                0x0000000000006024                vtable for __cxxabiv1::__si_class_type_info
 .rodata._ZTSSt9type_info
                0x0000000000006050        0xd c:/opt/intelfpga_lite/20.1/nios2eds/bin/gnu/h-x86_64-mingw32/bin/../lib/gcc/nios2-elf/10.1.1/../../../../../H-x86_64-mingw32/nios2-elf/lib\libstdc++.a(tinfo.o)
                0x0000000000006050                typeinfo name for std::type_info
 *fill*         0x000000000000605d        0x3 
 .rodata._ZTSN10__cxxabiv117__class_type_infoE
                0x0000000000006060       0x22 c:/opt/intelfpga_lite/20.1/nios2eds/bin/gnu/h-x86_64-mingw32/bin/../lib/gcc/nios2-elf/10.1.1/../../../../../H-x86_64-mingw32/nios2-elf/lib\libstdc++.a(class_type_info.o)
                0x0000000000006060                typeinfo name for __cxxabiv1::__class_type_info
 *fill*         0x0000000000006082        0x2 
 .rodata._ZTIN10__cxxabiv117__class_type_infoE
                0x0000000000006084        0xc c:/opt/intelfpga_lite/20.1/nios2eds/bin/gnu/h-x86_64-mingw32/bin/../lib/gcc/nios2-elf/10.1.1/../../../../../H-x86_64-mingw32/nios2-elf/lib\libstdc++.a(class_type_info.o)
                0x0000000000006084                typeinfo for __cxxabiv1::__class_type_info
 .rodata._ZTVN10__cxxabiv117__class_type_infoE
                0x0000000000006090       0x2c c:/opt/intelfpga_lite/20.1/nios2eds/bin/gnu/h-x86_64-mingw32/bin/../lib/gcc/nios2-elf/10.1.1/../../../../../H-x86_64-mingw32/nios2-elf/lib\libstdc++.a(class_type_info.o)
                0x0000000000006090                vtable for __cxxabiv1::__class_type_info
 .rodata.str1.4
                0x00000000000060bc       0x11 c:/work/Robocup/phoenix-firmware/FPGA/App/software/controller_bsp/\libhal_bsp.a(alt_sys_init.o)
                                         0x25 (size before relaxing)
 *fill*         0x00000000000060cd        0x3 
 .rodata.VEC_SIZE_ARRAY.0
                0x00000000000060d0       0x20 c:/work/Robocup/phoenix-firmware/FPGA/App/software/controller_bsp/\libhal_bsp.a(altera_vic_irq_init.o)
 .rodata.str1.4
                0x00000000000060f0        0xa c:/work/Robocup/phoenix-firmware/FPGA/App/software/controller_bsp/\libhal_bsp.a(alt_dev.o)
 *(.rodata1)
                0x00000000000060fc                . = ALIGN (0x4)
 *fill*         0x00000000000060fa        0x2 
                0x00000000000060fc                PROVIDE (__ram_rodata_end = ABSOLUTE (.))
                0x0000000000005d20                PROVIDE (__flash_rodata_start = LOADADDR (.rodata))

.rwdata         0x0000000000008000      0x290 load address 0x00000000000060fc
                0x0000000000008000                PROVIDE (__ram_rwdata_start = ABSOLUTE (.))
                0x0000000000008000                . = ALIGN (0x4)
 *(.got.plt)
 *(.got)
 *(.data1)
 *(.data .data.* .gnu.linkonce.d.*)
 .data.impure_data
                0x0000000000008000       0xe4 c:/opt/intelfpga_lite/20.1/nios2eds/bin/gnu/h-x86_64-mingw32/bin/../lib/gcc/nios2-elf/10.1.1/../../../../../H-x86_64-mingw32/nios2-elf/lib\libsmallc.a(lib_a-impure.o)
 *fill*         0x00000000000080e4        0xc 
 .data.msgdma_0
                0x00000000000080f0       0x60 c:/work/Robocup/phoenix-firmware/FPGA/App/software/controller_bsp/\libhal_bsp.a(alt_sys_init.o)
 .data.vic_0    0x0000000000008150       0x9c c:/work/Robocup/phoenix-firmware/FPGA/App/software/controller_bsp/\libhal_bsp.a(alt_sys_init.o)
 .data.alt_fd_list
                0x00000000000081ec       0x30 c:/work/Robocup/phoenix-firmware/FPGA/App/software/controller_bsp/\libhal_bsp.a(alt_dev.o)
                0x00000000000081ec                alt_fd_list
 .data.alt_dev_null
                0x000000000000821c       0x28 c:/work/Robocup/phoenix-firmware/FPGA/App/software/controller_bsp/\libhal_bsp.a(alt_dev.o)
                0x000000000000821c                alt_dev_null
                0x0000000000010244                _gp = ABSOLUTE ((. + 0x8000))
                [!provide]                        PROVIDE (gp = _gp)
 *(.rwdata .rwdata.*)
 *(.sdata .sdata.* .gnu.linkonce.s.*)
 .sdata._ZN18CentralizedMonitor12_Adc2TimeoutE
                0x0000000000008244        0x4 obj/default/source/centralized_monitor.o
                0x0000000000008244                CentralizedMonitor::_Adc2Timeout
 .sdata._ZN10__cxxabiv120__unexpected_handlerE
                0x0000000000008248        0x4 c:/opt/intelfpga_lite/20.1/nios2eds/bin/gnu/h-x86_64-mingw32/bin/../lib/gcc/nios2-elf/10.1.1/../../../../../H-x86_64-mingw32/nios2-elf/lib\libstdc++.a(eh_unex_handler.o)
                0x0000000000008248                __cxxabiv1::__unexpected_handler
 .sdata._ZTISt9exception
                0x000000000000824c        0x8 c:/opt/intelfpga_lite/20.1/nios2eds/bin/gnu/h-x86_64-mingw32/bin/../lib/gcc/nios2-elf/10.1.1/../../../../../H-x86_64-mingw32/nios2-elf/lib\libstdc++.a(eh_exception.o)
                0x000000000000824c                typeinfo for std::exception
 .sdata._ZTIN10__cxxabiv115__forced_unwindE
                0x0000000000008254        0x8 c:/opt/intelfpga_lite/20.1/nios2eds/bin/gnu/h-x86_64-mingw32/bin/../lib/gcc/nios2-elf/10.1.1/../../../../../H-x86_64-mingw32/nios2-elf/lib\libstdc++.a(eh_exception.o)
                0x0000000000008254                typeinfo for __cxxabiv1::__forced_unwind
 .sdata._ZTIN10__cxxabiv119__foreign_exceptionE
                0x000000000000825c        0x8 c:/opt/intelfpga_lite/20.1/nios2eds/bin/gnu/h-x86_64-mingw32/bin/../lib/gcc/nios2-elf/10.1.1/../../../../../H-x86_64-mingw32/nios2-elf/lib\libstdc++.a(eh_exception.o)
                0x000000000000825c                typeinfo for __cxxabiv1::__foreign_exception
 .sdata._ZN10__cxxabiv119__terminate_handlerE
                0x0000000000008264        0x4 c:/opt/intelfpga_lite/20.1/nios2eds/bin/gnu/h-x86_64-mingw32/bin/../lib/gcc/nios2-elf/10.1.1/../../../../../H-x86_64-mingw32/nios2-elf/lib\libstdc++.a(eh_term_handler.o)
                0x0000000000008264                __cxxabiv1::__terminate_handler
 .sdata._ZTISt9type_info
                0x0000000000008268        0x8 c:/opt/intelfpga_lite/20.1/nios2eds/bin/gnu/h-x86_64-mingw32/bin/../lib/gcc/nios2-elf/10.1.1/../../../../../H-x86_64-mingw32/nios2-elf/lib\libstdc++.a(tinfo.o)
                0x0000000000008268                typeinfo for std::type_info
 .sdata._impure_ptr
                0x0000000000008270        0x4 c:/opt/intelfpga_lite/20.1/nios2eds/bin/gnu/h-x86_64-mingw32/bin/../lib/gcc/nios2-elf/10.1.1/../../../../../H-x86_64-mingw32/nios2-elf/lib\libsmallc.a(lib_a-impure.o)
                0x0000000000008270                _impure_ptr
 .sdata.heap_end
                0x0000000000008274        0x4 c:/work/Robocup/phoenix-firmware/FPGA/App/software/controller_bsp/\libhal_bsp.a(alt_sbrk.o)
 .sdata.jtag_uart_0
                0x0000000000008278        0x4 c:/work/Robocup/phoenix-firmware/FPGA/App/software/controller_bsp/\libhal_bsp.a(alt_sys_init.o)
                0x0000000000008278                jtag_uart_0
 .sdata.alt_msgdma_list
                0x000000000000827c        0x8 c:/work/Robocup/phoenix-firmware/FPGA/App/software/controller_bsp/\libhal_bsp.a(altera_msgdma.o)
                0x000000000000827c                alt_msgdma_list
 .sdata.alt_dev_list
                0x0000000000008284        0x8 c:/work/Robocup/phoenix-firmware/FPGA/App/software/controller_bsp/\libhal_bsp.a(alt_dev.o)
                0x0000000000008284                alt_dev_list
 .sdata.alt_errno
                0x000000000000828c        0x4 c:/work/Robocup/phoenix-firmware/FPGA/App/software/controller_bsp/\libhal_bsp.a(alt_errno.o)
                0x000000000000828c                alt_errno
 *(.sdata2 .sdata2.* .gnu.linkonce.s2.*)
                0x0000000000008290                . = ALIGN (0x4)
                0x0000000000008290                _edata = ABSOLUTE (.)
                [!provide]                        PROVIDE (edata = ABSOLUTE (.))
                0x0000000000008290                PROVIDE (__ram_rwdata_end = ABSOLUTE (.))
                0x00000000000060fc                PROVIDE (__flash_rwdata_start = LOADADDR (.rwdata))

.bss            0x0000000000008290       0xdc load address 0x000000000000638c
                0x0000000000008290                __bss_start = ABSOLUTE (.)
                [!provide]                        PROVIDE (__sbss_start = ABSOLUTE (.))
                [!provide]                        PROVIDE (___sbss_start = ABSOLUTE (.))
 *(.dynsbss)
 *(.sbss .sbss.* .gnu.linkonce.sb.*)
 .sbss._ZN18CentralizedMonitor11_FaultFlagsE
                0x0000000000008290        0x4 obj/default/source/centralized_monitor.o
                0x0000000000008290                CentralizedMonitor::_FaultFlags
 .sbss._ZN18CentralizedMonitor11_ErrorFlagsE
                0x0000000000008294        0x4 obj/default/source/centralized_monitor.o
                0x0000000000008294                CentralizedMonitor::_ErrorFlags
 .sbss._ZZN18CentralizedMonitor20DoPeriodicCommonWorkEvE3cnt
                0x0000000000008298        0x4 obj/default/source/centralized_monitor.o
 .sbss._ZZN18CentralizedMonitor13Adc2KeepAliveEiE3cnt
                0x000000000000829c        0x4 obj/default/source/centralized_monitor.o
 .sbss._ZN4Adc26_ValidE
                0x00000000000082a0        0x1 obj/default/source/driver/adc2.o
                0x00000000000082a0                Adc2::_Valid
 *fill*         0x00000000000082a1        0x1 
 .sbss._ZN4Adc27_ResultE
                0x00000000000082a2        0x4 obj/default/source/driver/adc2.o
                0x00000000000082a2                Adc2::_Result
 *fill*         0x00000000000082a6        0x2 
 .sbss._ZN4Adc29_SequenceE
                0x00000000000082a8        0x4 obj/default/source/driver/adc2.o
                0x00000000000082a8                Adc2::_Sequence
 .sbss._ZN4Adc26_StateE
                0x00000000000082ac        0x4 obj/default/source/driver/adc2.o
                0x00000000000082ac                Adc2::_State
 .sbss._ZN3Imu6_ValidE
                0x00000000000082b0        0x1 obj/default/source/driver/imu.o
                0x00000000000082b0                Imu::_Valid
 .sbss._ZN3Imu5_BankE
                0x00000000000082b1        0x1 obj/default/source/driver/imu.o
                0x00000000000082b1                Imu::_Bank
 *fill*         0x00000000000082b2        0x2 
 .sbss._ZN17StreamTransmitter7_DeviceE
                0x00000000000082b4        0x4 obj/default/source/stream_transmitter.o
                0x00000000000082b4                StreamTransmitter::_Device
 .sbss._ZL14StreamDataAdc2
                0x00000000000082b8        0x4 obj/default/source/stream_transmitter.o
 .sbss._ZL16StreamDataStatus
                0x00000000000082bc        0x8 obj/default/source/stream_transmitter.o
 .sbss._ZN15WheelController11_SpeedGainIE
                0x00000000000082c4        0x4 obj/default/source/wheel_controller.o
                0x00000000000082c4                WheelController::_SpeedGainI
 .sbss._ZN15WheelController11_SpeedGainPE
                0x00000000000082c8        0x4 obj/default/source/wheel_controller.o
                0x00000000000082c8                WheelController::_SpeedGainP
 .sbss._ZL10eh_globals
                0x00000000000082cc        0x8 c:/opt/intelfpga_lite/20.1/nios2eds/bin/gnu/h-x86_64-mingw32/bin/../lib/gcc/nios2-elf/10.1.1/../../../../../H-x86_64-mingw32/nios2-elf/lib\libstdc++.a(eh_globals.o)
 .sbss          0x00000000000082d4        0x4 c:/opt/intelfpga_lite/20.1/nios2eds/bin/gnu/h-x86_64-mingw32/bin/../lib/gcc/nios2-elf/10.1.1\libgcc.a(unwind-sjlj.o)
 .sbss.__malloc_sbrk_start
                0x00000000000082d8        0x4 c:/opt/intelfpga_lite/20.1/nios2eds/bin/gnu/h-x86_64-mingw32/bin/../lib/gcc/nios2-elf/10.1.1/../../../../../H-x86_64-mingw32/nios2-elf/lib\libsmallc.a(lib_a-nano-mallocr.o)
                0x00000000000082d8                __malloc_sbrk_start
 .sbss.__malloc_free_list
                0x00000000000082dc        0x4 c:/opt/intelfpga_lite/20.1/nios2eds/bin/gnu/h-x86_64-mingw32/bin/../lib/gcc/nios2-elf/10.1.1/../../../../../H-x86_64-mingw32/nios2-elf/lib\libsmallc.a(lib_a-nano-mallocr.o)
                0x00000000000082dc                __malloc_free_list
 .sbss.errno    0x00000000000082e0        0x4 c:/opt/intelfpga_lite/20.1/nios2eds/bin/gnu/h-x86_64-mingw32/bin/../lib/gcc/nios2-elf/10.1.1/../../../../../H-x86_64-mingw32/nios2-elf/lib\libsmallc.a(lib_a-int_errno.o)
                0x00000000000082e0                errno
 .sbss.alt_envp
                0x00000000000082e4        0x4 c:/work/Robocup/phoenix-firmware/FPGA/App/software/controller_bsp/\libhal_bsp.a(alt_main.o)
                0x00000000000082e4                alt_envp
 .sbss.alt_argv
                0x00000000000082e8        0x4 c:/work/Robocup/phoenix-firmware/FPGA/App/software/controller_bsp/\libhal_bsp.a(alt_main.o)
                0x00000000000082e8                alt_argv
 .sbss.alt_argc
                0x00000000000082ec        0x4 c:/work/Robocup/phoenix-firmware/FPGA/App/software/controller_bsp/\libhal_bsp.a(alt_main.o)
                0x00000000000082ec                alt_argc
 .sbss.alt_vic_dev_list
                0x00000000000082f0        0x4 c:/work/Robocup/phoenix-firmware/FPGA/App/software/controller_bsp/\libhal_bsp.a(altera_vic_irq_init.o)
                0x00000000000082f0                alt_vic_dev_list
 *(.sbss2 .sbss2.* .gnu.linkonce.sb2.*)
 *(.scommon)
                [!provide]                        PROVIDE (__sbss_end = ABSOLUTE (.))
                [!provide]                        PROVIDE (___sbss_end = ABSOLUTE (.))
 *(.dynbss)
 *(.bss .bss.* .gnu.linkonce.b.*)
 .bss._ZN12SharedMemory11_ParametersE
                0x00000000000082f4       0x18 obj/default/source/shared_memory.o
                0x00000000000082f4                SharedMemory::_Parameters
 .bss._ZL16StreamDataMotion
                0x000000000000830c       0x30 obj/default/source/stream_transmitter.o
 .bss._ZN15WheelController21_LastCurrentReferenceE
                0x000000000000833c       0x10 obj/default/source/wheel_controller.o
                0x000000000000833c                WheelController::_LastCurrentReference
 .bss._ZN15WheelController15_LastSpeedErrorE
                0x000000000000834c       0x10 obj/default/source/wheel_controller.o
                0x000000000000834c                WheelController::_LastSpeedError
 .bss._ZN12_GLOBAL__N_114emergency_poolE
                0x000000000000835c       0x10 c:/opt/intelfpga_lite/20.1/nios2eds/bin/gnu/h-x86_64-mingw32/bin/../lib/gcc/nios2-elf/10.1.1/../../../../../H-x86_64-mingw32/nios2-elf/lib\libstdc++.a(eh_alloc.o)
 *(COMMON)
                0x000000000000836c                . = ALIGN (0x4)
                0x000000000000836c                __bss_end = ABSOLUTE (.)

.instruction_rom_0
                0x000000000000638c        0x0
                [!provide]                        PROVIDE (_alt_partition_instruction_rom_0_start = ABSOLUTE (.))
 *(.instruction_rom_0 .instruction_rom_0. instruction_rom_0.*)
                0x000000000000638c                . = ALIGN (0x4)
                [!provide]                        PROVIDE (_alt_partition_instruction_rom_0_end = ABSOLUTE (.))
                [!provide]                        PROVIDE (_alt_partition_instruction_rom_0_load_addr = LOADADDR (.instruction_rom_0))

.data_ram_0     0x000000000000836c        0x0 load address 0x000000000000638c
                [!provide]                        PROVIDE (_alt_partition_data_ram_0_start = ABSOLUTE (.))
 *(.data_ram_0 .data_ram_0. data_ram_0.*)
                0x000000000000836c                . = ALIGN (0x4)
                [!provide]                        PROVIDE (_alt_partition_data_ram_0_end = ABSOLUTE (.))
                0x000000000000836c                _end = ABSOLUTE (.)
                0x000000000000836c                end = ABSOLUTE (.)
                0x000000000000836c                __alt_stack_base = ABSOLUTE (.)
                [!provide]                        PROVIDE (_alt_partition_data_ram_0_load_addr = LOADADDR (.data_ram_0))

.data_ram_1     0x000000000000b028        0x0 load address 0x000000000000638c
                [!provide]                        PROVIDE (_alt_partition_data_ram_1_start = ABSOLUTE (.))
 *(.data_ram_1 .data_ram_1. data_ram_1.*)
                0x000000000000b028                . = ALIGN (0x4)
                [!provide]                        PROVIDE (_alt_partition_data_ram_1_end = ABSOLUTE (.))
                [!provide]                        PROVIDE (_alt_partition_data_ram_1_load_addr = LOADADDR (.data_ram_1))

.stab
 *(.stab)

.stabstr
 *(.stabstr)

.stab.excl
 *(.stab.excl)

.stab.exclstr
 *(.stab.exclstr)

.stab.index
 *(.stab.index)

.stab.indexstr
 *(.stab.indexstr)

.comment        0x0000000000000000       0x2d
 *(.comment)
 .comment       0x0000000000000000       0x2d obj/default/source/microshell/core/microshell.o
                                         0x2e (size before relaxing)
 .comment       0x000000000000002d       0x2e obj/default/source/microshell/core/mscore.o
 .comment       0x000000000000002d       0x2e obj/default/source/microshell/util/mscmd.o
 .comment       0x000000000000002d       0x2e obj/default/source/microshell/util/msopt.o
 .comment       0x000000000000002d       0x2e obj/default/source/microshell/util/ntlibc.o
 .comment       0x000000000000002d       0x2e obj/default/source/centralized_monitor.o
 .comment       0x000000000000002d       0x2e obj/default/source/dribble_controller.o
 .comment       0x000000000000002d       0x2e obj/default/source/driver/adc2.o
 .comment       0x000000000000002d       0x2e obj/default/source/driver/imu.o
 .comment       0x000000000000002d       0x2e obj/default/source/main.o
 .comment       0x000000000000002d       0x2e obj/default/source/peripheral/msgdma.o
 .comment       0x000000000000002d       0x2e obj/default/source/shared_memory.o
 .comment       0x000000000000002d       0x2e obj/default/source/stream_transmitter.o
 .comment       0x000000000000002d       0x2e obj/default/source/wheel_controller.o
 .comment       0x000000000000002d       0x2e c:/opt/intelfpga_lite/20.1/nios2eds/bin/gnu/h-x86_64-mingw32/bin/../lib/gcc/nios2-elf/10.1.1/../../../../../H-x86_64-mingw32/nios2-elf/lib\libstdc++.a(eh_personality.o)
 .comment       0x000000000000002d       0x2e c:/opt/intelfpga_lite/20.1/nios2eds/bin/gnu/h-x86_64-mingw32/bin/../lib/gcc/nios2-elf/10.1.1/../../../../../H-x86_64-mingw32/nios2-elf/lib\libstdc++.a(eh_terminate.o)
 .comment       0x000000000000002d       0x2e c:/opt/intelfpga_lite/20.1/nios2eds/bin/gnu/h-x86_64-mingw32/bin/../lib/gcc/nios2-elf/10.1.1/../../../../../H-x86_64-mingw32/nios2-elf/lib\libstdc++.a(eh_throw.o)
 .comment       0x000000000000002d       0x2e c:/opt/intelfpga_lite/20.1/nios2eds/bin/gnu/h-x86_64-mingw32/bin/../lib/gcc/nios2-elf/10.1.1/../../../../../H-x86_64-mingw32/nios2-elf/lib\libstdc++.a(eh_unex_handler.o)
 .comment       0x000000000000002d       0x2e c:/opt/intelfpga_lite/20.1/nios2eds/bin/gnu/h-x86_64-mingw32/bin/../lib/gcc/nios2-elf/10.1.1/../../../../../H-x86_64-mingw32/nios2-elf/lib\libstdc++.a(eh_alloc.o)
 .comment       0x000000000000002d       0x2e c:/opt/intelfpga_lite/20.1/nios2eds/bin/gnu/h-x86_64-mingw32/bin/../lib/gcc/nios2-elf/10.1.1/../../../../../H-x86_64-mingw32/nios2-elf/lib\libstdc++.a(eh_call.o)
 .comment       0x000000000000002d       0x2e c:/opt/intelfpga_lite/20.1/nios2eds/bin/gnu/h-x86_64-mingw32/bin/../lib/gcc/nios2-elf/10.1.1/../../../../../H-x86_64-mingw32/nios2-elf/lib\libstdc++.a(eh_catch.o)
 .comment       0x000000000000002d       0x2e c:/opt/intelfpga_lite/20.1/nios2eds/bin/gnu/h-x86_64-mingw32/bin/../lib/gcc/nios2-elf/10.1.1/../../../../../H-x86_64-mingw32/nios2-elf/lib\libstdc++.a(eh_exception.o)
 .comment       0x000000000000002d       0x2e c:/opt/intelfpga_lite/20.1/nios2eds/bin/gnu/h-x86_64-mingw32/bin/../lib/gcc/nios2-elf/10.1.1/../../../../../H-x86_64-mingw32/nios2-elf/lib\libstdc++.a(eh_globals.o)
 .comment       0x000000000000002d       0x2e c:/opt/intelfpga_lite/20.1/nios2eds/bin/gnu/h-x86_64-mingw32/bin/../lib/gcc/nios2-elf/10.1.1/../../../../../H-x86_64-mingw32/nios2-elf/lib\libstdc++.a(eh_term_handler.o)
 .comment       0x000000000000002d       0x2e c:/opt/intelfpga_lite/20.1/nios2eds/bin/gnu/h-x86_64-mingw32/bin/../lib/gcc/nios2-elf/10.1.1/../../../../../H-x86_64-mingw32/nios2-elf/lib\libstdc++.a(si_class_type_info.o)
 .comment       0x000000000000002d       0x2e c:/opt/intelfpga_lite/20.1/nios2eds/bin/gnu/h-x86_64-mingw32/bin/../lib/gcc/nios2-elf/10.1.1/../../../../../H-x86_64-mingw32/nios2-elf/lib\libstdc++.a(tinfo.o)
 .comment       0x000000000000002d       0x2e c:/opt/intelfpga_lite/20.1/nios2eds/bin/gnu/h-x86_64-mingw32/bin/../lib/gcc/nios2-elf/10.1.1/../../../../../H-x86_64-mingw32/nios2-elf/lib\libstdc++.a(class_type_info.o)
 .comment       0x000000000000002d       0x2e c:/opt/intelfpga_lite/20.1/nios2eds/bin/gnu/h-x86_64-mingw32/bin/../lib/gcc/nios2-elf/10.1.1/../../../../../H-x86_64-mingw32/nios2-elf/lib\libstdc++.a(del_ops.o)
 .comment       0x000000000000002d       0x2e c:/opt/intelfpga_lite/20.1/nios2eds/bin/gnu/h-x86_64-mingw32/bin/../lib/gcc/nios2-elf/10.1.1/../../../../../H-x86_64-mingw32/nios2-elf/lib\libstdc++.a(del_op.o)
 .comment       0x000000000000002d       0x2e c:/opt/intelfpga_lite/20.1/nios2eds/bin/gnu/h-x86_64-mingw32/bin/../lib/gcc/nios2-elf/10.1.1/../../../../../H-x86_64-mingw32/nios2-elf/lib\libm.a(lib_a-sf_fmax.o)
 .comment       0x000000000000002d       0x2e c:/opt/intelfpga_lite/20.1/nios2eds/bin/gnu/h-x86_64-mingw32/bin/../lib/gcc/nios2-elf/10.1.1/../../../../../H-x86_64-mingw32/nios2-elf/lib\libm.a(lib_a-sf_fmin.o)
 .comment       0x000000000000002d       0x2e c:/opt/intelfpga_lite/20.1/nios2eds/bin/gnu/h-x86_64-mingw32/bin/../lib/gcc/nios2-elf/10.1.1/../../../../../H-x86_64-mingw32/nios2-elf/lib\libm.a(lib_a-sf_fpclassify.o)
 .comment       0x000000000000002d       0x2e c:/opt/intelfpga_lite/20.1/nios2eds/bin/gnu/h-x86_64-mingw32/bin/../lib/gcc/nios2-elf/10.1.1\libgcc.a(gesf2.o)
 .comment       0x000000000000002d       0x2e c:/opt/intelfpga_lite/20.1/nios2eds/bin/gnu/h-x86_64-mingw32/bin/../lib/gcc/nios2-elf/10.1.1\libgcc.a(lesf2.o)
 .comment       0x000000000000002d       0x2e c:/opt/intelfpga_lite/20.1/nios2eds/bin/gnu/h-x86_64-mingw32/bin/../lib/gcc/nios2-elf/10.1.1\libgcc.a(unwind-sjlj.o)
 .comment       0x000000000000002d       0x2e c:/opt/intelfpga_lite/20.1/nios2eds/bin/gnu/h-x86_64-mingw32/bin/../lib/gcc/nios2-elf/10.1.1/../../../../../H-x86_64-mingw32/nios2-elf/lib\libsmallc.a(lib_a-abort.o)
 .comment       0x000000000000002d       0x2e c:/opt/intelfpga_lite/20.1/nios2eds/bin/gnu/h-x86_64-mingw32/bin/../lib/gcc/nios2-elf/10.1.1/../../../../../H-x86_64-mingw32/nios2-elf/lib\libsmallc.a(lib_a-malloc.o)
 .comment       0x000000000000002d       0x2e c:/opt/intelfpga_lite/20.1/nios2eds/bin/gnu/h-x86_64-mingw32/bin/../lib/gcc/nios2-elf/10.1.1/../../../../../H-x86_64-mingw32/nios2-elf/lib\libsmallc.a(lib_a-memcpy.o)
 .comment       0x000000000000002d       0x2e c:/opt/intelfpga_lite/20.1/nios2eds/bin/gnu/h-x86_64-mingw32/bin/../lib/gcc/nios2-elf/10.1.1/../../../../../H-x86_64-mingw32/nios2-elf/lib\libsmallc.a(lib_a-memmove.o)
 .comment       0x000000000000002d       0x2e c:/opt/intelfpga_lite/20.1/nios2eds/bin/gnu/h-x86_64-mingw32/bin/../lib/gcc/nios2-elf/10.1.1/../../../../../H-x86_64-mingw32/nios2-elf/lib\libsmallc.a(lib_a-memset.o)
 .comment       0x000000000000002d       0x2e c:/opt/intelfpga_lite/20.1/nios2eds/bin/gnu/h-x86_64-mingw32/bin/../lib/gcc/nios2-elf/10.1.1/../../../../../H-x86_64-mingw32/nios2-elf/lib\libsmallc.a(lib_a-nano-freer.o)
 .comment       0x000000000000002d       0x2e c:/opt/intelfpga_lite/20.1/nios2eds/bin/gnu/h-x86_64-mingw32/bin/../lib/gcc/nios2-elf/10.1.1/../../../../../H-x86_64-mingw32/nios2-elf/lib\libsmallc.a(lib_a-nano-mallocr.o)
 .comment       0x000000000000002d       0x2e c:/opt/intelfpga_lite/20.1/nios2eds/bin/gnu/h-x86_64-mingw32/bin/../lib/gcc/nios2-elf/10.1.1/../../../../../H-x86_64-mingw32/nios2-elf/lib\libsmallc.a(lib_a-printf.o)
 .comment       0x000000000000002d       0x2e c:/opt/intelfpga_lite/20.1/nios2eds/bin/gnu/h-x86_64-mingw32/bin/../lib/gcc/nios2-elf/10.1.1/../../../../../H-x86_64-mingw32/nios2-elf/lib\libsmallc.a(lib_a-sbrkr.o)
 .comment       0x000000000000002d       0x2e c:/opt/intelfpga_lite/20.1/nios2eds/bin/gnu/h-x86_64-mingw32/bin/../lib/gcc/nios2-elf/10.1.1/../../../../../H-x86_64-mingw32/nios2-elf/lib\libsmallc.a(lib_a-signal.o)
 .comment       0x000000000000002d       0x2e c:/opt/intelfpga_lite/20.1/nios2eds/bin/gnu/h-x86_64-mingw32/bin/../lib/gcc/nios2-elf/10.1.1/../../../../../H-x86_64-mingw32/nios2-elf/lib\libsmallc.a(lib_a-signalr.o)
 .comment       0x000000000000002d       0x2e c:/opt/intelfpga_lite/20.1/nios2eds/bin/gnu/h-x86_64-mingw32/bin/../lib/gcc/nios2-elf/10.1.1/../../../../../H-x86_64-mingw32/nios2-elf/lib\libsmallc.a(lib_a-strcmp.o)
 .comment       0x000000000000002d       0x2e c:/opt/intelfpga_lite/20.1/nios2eds/bin/gnu/h-x86_64-mingw32/bin/../lib/gcc/nios2-elf/10.1.1/../../../../../H-x86_64-mingw32/nios2-elf/lib\libsmallc.a(lib_a-vfprintf.o)
 .comment       0x000000000000002d       0x2e c:/opt/intelfpga_lite/20.1/nios2eds/bin/gnu/h-x86_64-mingw32/bin/../lib/gcc/nios2-elf/10.1.1/../../../../../H-x86_64-mingw32/nios2-elf/lib\libsmallc.a(lib_a-fvwrite_small_dev.o)
 .comment       0x000000000000002d       0x2e c:/opt/intelfpga_lite/20.1/nios2eds/bin/gnu/h-x86_64-mingw32/bin/../lib/gcc/nios2-elf/10.1.1/../../../../../H-x86_64-mingw32/nios2-elf/lib\libsmallc.a(lib_a-impure.o)
 .comment       0x000000000000002d       0x2e c:/opt/intelfpga_lite/20.1/nios2eds/bin/gnu/h-x86_64-mingw32/bin/../lib/gcc/nios2-elf/10.1.1/../../../../../H-x86_64-mingw32/nios2-elf/lib\libsmallc.a(lib_a-int_errno.o)
 .comment       0x000000000000002d       0x2e c:/opt/intelfpga_lite/20.1/nios2eds/bin/gnu/h-x86_64-mingw32/bin/../lib/gcc/nios2-elf/10.1.1/../../../../../H-x86_64-mingw32/nios2-elf/lib\libsmallc.a(lib_a-strlen.o)
 .comment       0x000000000000002d       0x2e c:/opt/intelfpga_lite/20.1/nios2eds/bin/gnu/h-x86_64-mingw32/bin/../lib/gcc/nios2-elf/10.1.1/../../../../../H-x86_64-mingw32/nios2-elf/lib\libsmallc.a(lib_a-writer.o)
 .comment       0x000000000000002d       0x2e c:/opt/intelfpga_lite/20.1/nios2eds/bin/gnu/h-x86_64-mingw32/bin/../lib/gcc/nios2-elf/10.1.1\libgcc.a(lib2-divmod.o)
 .comment       0x000000000000002d       0x2e c:/work/Robocup/phoenix-firmware/FPGA/App/software/controller_bsp/\libhal_bsp.a(alt_getchar.o)
 .comment       0x000000000000002d       0x2e c:/work/Robocup/phoenix-firmware/FPGA/App/software/controller_bsp/\libhal_bsp.a(alt_getpid.o)
 .comment       0x000000000000002d       0x2e c:/work/Robocup/phoenix-firmware/FPGA/App/software/controller_bsp/\libhal_bsp.a(alt_kill.o)
 .comment       0x000000000000002d       0x2e c:/work/Robocup/phoenix-firmware/FPGA/App/software/controller_bsp/\libhal_bsp.a(alt_load.o)
 .comment       0x000000000000002d       0x2e c:/work/Robocup/phoenix-firmware/FPGA/App/software/controller_bsp/\libhal_bsp.a(alt_main.o)
 .comment       0x000000000000002d       0x2e c:/work/Robocup/phoenix-firmware/FPGA/App/software/controller_bsp/\libhal_bsp.a(alt_malloc_lock.o)
 .comment       0x000000000000002d       0x2e c:/work/Robocup/phoenix-firmware/FPGA/App/software/controller_bsp/\libhal_bsp.a(alt_putchar.o)
 .comment       0x000000000000002d       0x2e c:/work/Robocup/phoenix-firmware/FPGA/App/software/controller_bsp/\libhal_bsp.a(alt_putstr.o)
 .comment       0x000000000000002d       0x2e c:/work/Robocup/phoenix-firmware/FPGA/App/software/controller_bsp/\libhal_bsp.a(alt_sbrk.o)
 .comment       0x000000000000002d       0x2e c:/work/Robocup/phoenix-firmware/FPGA/App/software/controller_bsp/\libhal_bsp.a(alt_usleep.o)
 .comment       0x000000000000002d       0x2e c:/work/Robocup/phoenix-firmware/FPGA/App/software/controller_bsp/\libhal_bsp.a(alt_write.o)
 .comment       0x000000000000002d       0x2e c:/work/Robocup/phoenix-firmware/FPGA/App/software/controller_bsp/\libhal_bsp.a(alt_sys_init.o)
 .comment       0x000000000000002d       0x2e c:/work/Robocup/phoenix-firmware/FPGA/App/software/controller_bsp/\libhal_bsp.a(altera_avalon_jtag_uart_read.o)
 .comment       0x000000000000002d       0x2e c:/work/Robocup/phoenix-firmware/FPGA/App/software/controller_bsp/\libhal_bsp.a(altera_avalon_jtag_uart_write.o)
 .comment       0x000000000000002d       0x2e c:/work/Robocup/phoenix-firmware/FPGA/App/software/controller_bsp/\libhal_bsp.a(altera_avalon_performance_counter.o)
 .comment       0x000000000000002d       0x2e c:/work/Robocup/phoenix-firmware/FPGA/App/software/controller_bsp/\libhal_bsp.a(altera_avalon_spi.o)
 .comment       0x000000000000002d       0x2e c:/work/Robocup/phoenix-firmware/FPGA/App/software/controller_bsp/\libhal_bsp.a(altera_msgdma.o)
 .comment       0x000000000000002d       0x2e c:/work/Robocup/phoenix-firmware/FPGA/App/software/controller_bsp/\libhal_bsp.a(altera_vic_irq_init.o)
 .comment       0x000000000000002d       0x2e c:/work/Robocup/phoenix-firmware/FPGA/App/software/controller_bsp/\libhal_bsp.a(altera_vic_isr_register.o)
 .comment       0x000000000000002d       0x2e c:/work/Robocup/phoenix-firmware/FPGA/App/software/controller_bsp/\libhal_bsp.a(alt_busy_sleep.o)
 .comment       0x000000000000002d       0x2e c:/work/Robocup/phoenix-firmware/FPGA/App/software/controller_bsp/\libhal_bsp.a(alt_dcache_flush_all.o)
 .comment       0x000000000000002d       0x2e c:/work/Robocup/phoenix-firmware/FPGA/App/software/controller_bsp/\libhal_bsp.a(alt_dev.o)
 .comment       0x000000000000002d       0x2e c:/work/Robocup/phoenix-firmware/FPGA/App/software/controller_bsp/\libhal_bsp.a(alt_dev_llist_insert.o)
 .comment       0x000000000000002d       0x2e c:/work/Robocup/phoenix-firmware/FPGA/App/software/controller_bsp/\libhal_bsp.a(alt_do_ctors.o)
 .comment       0x000000000000002d       0x2e c:/work/Robocup/phoenix-firmware/FPGA/App/software/controller_bsp/\libhal_bsp.a(alt_errno.o)
 .comment       0x000000000000002d       0x2e c:/work/Robocup/phoenix-firmware/FPGA/App/software/controller_bsp/\libhal_bsp.a(alt_find_dev.o)
 .comment       0x000000000000002d       0x2e c:/work/Robocup/phoenix-firmware/FPGA/App/software/controller_bsp/\libhal_bsp.a(alt_icache_flush_all.o)
 .comment       0x000000000000002d       0x2e c:/opt/intelfpga_lite/20.1/nios2eds/bin/gnu/h-x86_64-mingw32/bin/../lib/gcc/nios2-elf/10.1.1/../../../../../H-x86_64-mingw32/nios2-elf/lib\libsmallc.a(lib_a-memcmp.o)

.debug
 *(.debug)

.line
 *(.line)

.debug_srcinfo
 *(.debug_srcinfo)

.debug_sfnames
 *(.debug_sfnames)

.debug_aranges  0x0000000000000000      0xfb8
 *(.debug_aranges)
 .debug_aranges
                0x0000000000000000       0x28 c:/work/Robocup/phoenix-firmware/FPGA/App/software/controller_bsp//obj/HAL/src/crt0.o
 .debug_aranges
                0x0000000000000028       0x48 obj/default/source/microshell/core/microshell.o
 .debug_aranges
                0x0000000000000070       0x28 obj/default/source/microshell/core/mscore.o
 .debug_aranges
                0x0000000000000098       0x28 obj/default/source/microshell/util/mscmd.o
 .debug_aranges
                0x00000000000000c0       0x30 obj/default/source/microshell/util/msopt.o
 .debug_aranges
                0x00000000000000f0       0x90 obj/default/source/microshell/util/ntlibc.o
 .debug_aranges
                0x0000000000000180       0x90 obj/default/source/centralized_monitor.o
 .debug_aranges
                0x0000000000000210       0x38 obj/default/source/dribble_controller.o
 .debug_aranges
                0x0000000000000248       0x50 obj/default/source/driver/adc2.o
 .debug_aranges
                0x0000000000000298       0x48 obj/default/source/driver/imu.o
 .debug_aranges
                0x00000000000002e0       0x78 obj/default/source/main.o
 .debug_aranges
                0x0000000000000358       0x28 obj/default/source/peripheral/msgdma.o
 .debug_aranges
                0x0000000000000380       0x28 obj/default/source/shared_memory.o
 .debug_aranges
                0x00000000000003a8       0x30 obj/default/source/stream_transmitter.o
 .debug_aranges
                0x00000000000003d8       0x40 obj/default/source/wheel_controller.o
 .debug_aranges
                0x0000000000000418       0x50 c:/opt/intelfpga_lite/20.1/nios2eds/bin/gnu/h-x86_64-mingw32/bin/../lib/gcc/nios2-elf/10.1.1/../../../../../H-x86_64-mingw32/nios2-elf/lib\libstdc++.a(eh_personality.o)
 .debug_aranges
                0x0000000000000468       0x58 c:/opt/intelfpga_lite/20.1/nios2eds/bin/gnu/h-x86_64-mingw32/bin/../lib/gcc/nios2-elf/10.1.1/../../../../../H-x86_64-mingw32/nios2-elf/lib\libstdc++.a(eh_terminate.o)
 .debug_aranges
                0x00000000000004c0       0x38 c:/opt/intelfpga_lite/20.1/nios2eds/bin/gnu/h-x86_64-mingw32/bin/../lib/gcc/nios2-elf/10.1.1/../../../../../H-x86_64-mingw32/nios2-elf/lib\libstdc++.a(eh_throw.o)
 .debug_aranges
                0x00000000000004f8       0x18 c:/opt/intelfpga_lite/20.1/nios2eds/bin/gnu/h-x86_64-mingw32/bin/../lib/gcc/nios2-elf/10.1.1/../../../../../H-x86_64-mingw32/nios2-elf/lib\libstdc++.a(eh_unex_handler.o)
 .debug_aranges
                0x0000000000000510       0x58 c:/opt/intelfpga_lite/20.1/nios2eds/bin/gnu/h-x86_64-mingw32/bin/../lib/gcc/nios2-elf/10.1.1/../../../../../H-x86_64-mingw32/nios2-elf/lib\libstdc++.a(eh_alloc.o)
 .debug_aranges
                0x0000000000000568       0x20 c:/opt/intelfpga_lite/20.1/nios2eds/bin/gnu/h-x86_64-mingw32/bin/../lib/gcc/nios2-elf/10.1.1/../../../../../H-x86_64-mingw32/nios2-elf/lib\libstdc++.a(eh_call.o)
 .debug_aranges
                0x0000000000000588       0x40 c:/opt/intelfpga_lite/20.1/nios2eds/bin/gnu/h-x86_64-mingw32/bin/../lib/gcc/nios2-elf/10.1.1/../../../../../H-x86_64-mingw32/nios2-elf/lib\libstdc++.a(eh_catch.o)
 .debug_aranges
                0x00000000000005c8       0x70 c:/opt/intelfpga_lite/20.1/nios2eds/bin/gnu/h-x86_64-mingw32/bin/../lib/gcc/nios2-elf/10.1.1/../../../../../H-x86_64-mingw32/nios2-elf/lib\libstdc++.a(eh_exception.o)
 .debug_aranges
                0x0000000000000638       0x20 c:/opt/intelfpga_lite/20.1/nios2eds/bin/gnu/h-x86_64-mingw32/bin/../lib/gcc/nios2-elf/10.1.1/../../../../../H-x86_64-mingw32/nios2-elf/lib\libstdc++.a(eh_globals.o)
 .debug_aranges
                0x0000000000000658       0x18 c:/opt/intelfpga_lite/20.1/nios2eds/bin/gnu/h-x86_64-mingw32/bin/../lib/gcc/nios2-elf/10.1.1/../../../../../H-x86_64-mingw32/nios2-elf/lib\libstdc++.a(eh_term_handler.o)
 .debug_aranges
                0x0000000000000670       0x40 c:/opt/intelfpga_lite/20.1/nios2eds/bin/gnu/h-x86_64-mingw32/bin/../lib/gcc/nios2-elf/10.1.1/../../../../../H-x86_64-mingw32/nios2-elf/lib\libstdc++.a(si_class_type_info.o)
 .debug_aranges
                0x00000000000006b0       0x40 c:/opt/intelfpga_lite/20.1/nios2eds/bin/gnu/h-x86_64-mingw32/bin/../lib/gcc/nios2-elf/10.1.1/../../../../../H-x86_64-mingw32/nios2-elf/lib\libstdc++.a(tinfo.o)
 .debug_aranges
                0x00000000000006f0       0x50 c:/opt/intelfpga_lite/20.1/nios2eds/bin/gnu/h-x86_64-mingw32/bin/../lib/gcc/nios2-elf/10.1.1/../../../../../H-x86_64-mingw32/nios2-elf/lib\libstdc++.a(class_type_info.o)
 .debug_aranges